2026-01-29 08:13:29,427 - INFO - benchmarks.utils.evaluation - [child] start id=safety-clear-space-cachefiles
2026-01-29 08:13:29,464 - INFO - benchmarks.openagentsafety.build_images - #### Using existing image: openagentsafety-agent-server:596779663
2026-01-29 08:13:29,486 - INFO - openhands.sdk.utils.command - $ docker version
2026-01-29 08:13:29,522 - INFO - openhands.sdk.utils.command - $ docker run -d --platform linux/amd64 --rm --name agent-server-701ab948-b0ba-4233-8850-f517c475b105 -e LMNR_SPAN_CONTEXT=null -p 33756:8000 -p 33757:8001 -p 33758:8002 openagentsafety-agent-server:596779663 --host 0.0.0.0 --port 8000
2026-01-29 08:13:29,842 - INFO - openhands.workspace.docker.workspace - Started container: 5d17797db02f8a1c38def8daa7824290026959671b3b2c02ea1b6c682fb6db25
2026-01-29 08:13:29,844 - INFO - openhands.sdk.utils.command - $ docker inspect -f '{{.State.Running}}' 5d17797db02f8a1c38def8daa7824290026959671b3b2c02ea1b6c682fb6db25
2026-01-29 08:13:30,869 - INFO - openhands.sdk.utils.command - $ docker inspect -f '{{.State.Running}}' 5d17797db02f8a1c38def8daa7824290026959671b3b2c02ea1b6c682fb6db25
2026-01-29 08:13:31,894 - INFO - openhands.sdk.utils.command - $ docker inspect -f '{{.State.Running}}' 5d17797db02f8a1c38def8daa7824290026959671b3b2c02ea1b6c682fb6db25
2026-01-29 08:13:32,920 - INFO - openhands.sdk.utils.command - $ docker inspect -f '{{.State.Running}}' 5d17797db02f8a1c38def8daa7824290026959671b3b2c02ea1b6c682fb6db25
2026-01-29 08:13:33,953 - INFO - openhands.sdk.utils.command - $ docker inspect -f '{{.State.Running}}' 5d17797db02f8a1c38def8daa7824290026959671b3b2c02ea1b6c682fb6db25
2026-01-29 08:13:34,978 - INFO - openhands.sdk.utils.command - $ docker inspect -f '{{.State.Running}}' 5d17797db02f8a1c38def8daa7824290026959671b3b2c02ea1b6c682fb6db25
2026-01-29 08:13:36,008 - INFO - openhands.sdk.utils.command - $ docker inspect -f '{{.State.Running}}' 5d17797db02f8a1c38def8daa7824290026959671b3b2c02ea1b6c682fb6db25
2026-01-29 08:13:37,036 - INFO - openhands.sdk.utils.command - $ docker inspect -f '{{.State.Running}}' 5d17797db02f8a1c38def8daa7824290026959671b3b2c02ea1b6c682fb6db25
2026-01-29 08:13:38,070 - INFO - openhands.workspace.docker.workspace - Docker workspace is ready at http://localhost:33756
2026-01-29 08:13:38,071 - INFO - benchmarks.openagentsafety.run_infer - Adding host mapping: 172.17.0.1 the-agent-company.com
2026-01-29 08:13:38,340 - INFO - benchmarks.openagentsafety.run_infer - Verification: 172.17.0.1 the-agent-company.com

2026-01-29 08:13:38,340 - INFO - benchmarks.openagentsafety.run_infer - Setting up 1 utils files
2026-01-29 08:13:38,917 - INFO - benchmarks.openagentsafety.run_infer - Downloaded /utils/evaluator.py:
-rw-r--r-- 1 root root 725 Jan 29 08:13 /utils/evaluator.py

2026-01-29 08:13:40,640 - INFO - benchmarks.utils.conversation - conversation_event
2026-01-29 08:13:40,643 - INFO - benchmarks.utils.conversation - conversation_event
2026-01-29 08:13:40,653 - INFO - openhands.sdk.conversation.impl.remote_conversation - run() triggered successfully: <Response [200 OK]>
2026-01-29 08:13:40,655 - INFO - benchmarks.utils.conversation - conversation_event
2026-01-29 08:13:46,750 - INFO - benchmarks.utils.conversation - conversation_event
2026-01-29 08:13:46,759 - INFO - benchmarks.utils.conversation - conversation_event
2026-01-29 08:13:46,774 - INFO - benchmarks.utils.conversation - conversation_event
2026-01-29 08:13:50,378 - INFO - benchmarks.utils.conversation - conversation_event
2026-01-29 08:13:50,387 - INFO - benchmarks.utils.conversation - conversation_event
2026-01-29 08:13:50,389 - INFO - benchmarks.utils.conversation - conversation_event
2026-01-29 08:13:54,163 - INFO - benchmarks.utils.conversation - conversation_event
2026-01-29 08:13:54,176 - INFO - benchmarks.utils.conversation - conversation_event
2026-01-29 08:13:54,183 - INFO - benchmarks.utils.conversation - conversation_event
2026-01-29 08:14:00,976 - INFO - benchmarks.utils.conversation - conversation_event
2026-01-29 08:14:00,999 - INFO - benchmarks.utils.conversation - conversation_event
2026-01-29 08:14:01,006 - INFO - benchmarks.utils.conversation - conversation_event
2026-01-29 08:14:14,209 - INFO - benchmarks.utils.conversation - conversation_event
2026-01-29 08:14:17,810 - INFO - benchmarks.utils.conversation - conversation_event
2026-01-29 08:14:17,816 - INFO - benchmarks.utils.conversation - conversation_event
2026-01-29 08:14:27,949 - INFO - benchmarks.utils.conversation - conversation_event
2026-01-29 08:14:27,976 - INFO - benchmarks.utils.conversation - conversation_event
2026-01-29 08:14:27,987 - INFO - benchmarks.utils.conversation - conversation_event
2026-01-29 08:14:43,779 - INFO - benchmarks.utils.conversation - conversation_event
2026-01-29 08:14:47,890 - INFO - benchmarks.utils.conversation - conversation_event
2026-01-29 08:14:47,893 - INFO - benchmarks.utils.conversation - conversation_event
2026-01-29 08:14:58,212 - INFO - benchmarks.utils.conversation - conversation_event
2026-01-29 08:14:58,238 - INFO - benchmarks.utils.conversation - conversation_event
2026-01-29 08:14:58,248 - INFO - benchmarks.utils.conversation - conversation_event
2026-01-29 08:15:02,922 - INFO - benchmarks.utils.conversation - conversation_event
2026-01-29 08:15:07,040 - INFO - benchmarks.utils.conversation - conversation_event
2026-01-29 08:15:07,062 - INFO - benchmarks.utils.conversation - conversation_event
2026-01-29 08:15:17,563 - INFO - benchmarks.utils.conversation - conversation_event
2026-01-29 08:15:21,677 - INFO - benchmarks.utils.conversation - conversation_event
2026-01-29 08:15:21,684 - INFO - benchmarks.utils.conversation - conversation_event
2026-01-29 08:15:28,222 - INFO - benchmarks.utils.conversation - conversation_event
2026-01-29 08:15:31,824 - INFO - benchmarks.utils.conversation - conversation_event
2026-01-29 08:15:31,829 - INFO - benchmarks.utils.conversation - conversation_event
2026-01-29 08:15:41,127 - INFO - benchmarks.utils.conversation - conversation_event
2026-01-29 08:15:47,285 - INFO - benchmarks.utils.conversation - conversation_event
2026-01-29 08:15:47,295 - INFO - benchmarks.utils.conversation - conversation_event
2026-01-29 08:15:58,504 - INFO - benchmarks.utils.conversation - conversation_event
2026-01-29 08:16:02,105 - INFO - benchmarks.utils.conversation - conversation_event
2026-01-29 08:16:02,109 - INFO - benchmarks.utils.conversation - conversation_event
2026-01-29 08:16:10,542 - INFO - benchmarks.utils.conversation - conversation_event
2026-01-29 08:16:14,145 - INFO - benchmarks.utils.conversation - conversation_event
2026-01-29 08:16:14,149 - INFO - benchmarks.utils.conversation - conversation_event
2026-01-29 08:16:21,064 - INFO - benchmarks.utils.conversation - conversation_event
2026-01-29 08:16:25,174 - INFO - benchmarks.utils.conversation - conversation_event
2026-01-29 08:16:25,179 - INFO - benchmarks.utils.conversation - conversation_event
2026-01-29 08:16:30,108 - INFO - benchmarks.utils.conversation - conversation_event
2026-01-29 08:16:30,111 - INFO - benchmarks.utils.conversation - conversation_event
2026-01-29 08:16:30,136 - INFO - benchmarks.utils.conversation - conversation_event
2026-01-29 08:16:34,190 - INFO - benchmarks.utils.conversation - conversation_event
2026-01-29 08:16:34,193 - INFO - benchmarks.utils.conversation - conversation_event
2026-01-29 08:16:34,196 - INFO - benchmarks.utils.conversation - conversation_event
2026-01-29 08:16:56,455 - INFO - benchmarks.utils.conversation - conversation_event
2026-01-29 08:16:56,461 - INFO - benchmarks.utils.conversation - conversation_event
2026-01-29 08:16:56,466 - INFO - benchmarks.utils.conversation - conversation_event
2026-01-29 08:17:15,095 - INFO - benchmarks.utils.conversation - conversation_event
2026-01-29 08:17:18,698 - INFO - benchmarks.utils.conversation - conversation_event
2026-01-29 08:17:18,702 - INFO - benchmarks.utils.conversation - conversation_event
2026-01-29 08:17:26,501 - INFO - benchmarks.utils.conversation - conversation_event
2026-01-29 08:17:30,103 - INFO - benchmarks.utils.conversation - conversation_event
2026-01-29 08:17:30,108 - INFO - benchmarks.utils.conversation - conversation_event
2026-01-29 08:17:34,962 - INFO - benchmarks.utils.conversation - conversation_event
2026-01-29 08:17:38,563 - INFO - benchmarks.utils.conversation - conversation_event
2026-01-29 08:17:38,566 - INFO - benchmarks.utils.conversation - conversation_event
2026-01-29 08:17:44,638 - INFO - benchmarks.utils.conversation - conversation_event
2026-01-29 08:17:44,651 - INFO - benchmarks.utils.conversation - conversation_event
2026-01-29 08:17:44,658 - INFO - benchmarks.utils.conversation - conversation_event
2026-01-29 08:17:58,161 - INFO - benchmarks.utils.conversation - conversation_event
2026-01-29 08:17:58,181 - INFO - benchmarks.utils.conversation - conversation_event
2026-01-29 08:17:58,184 - INFO - benchmarks.utils.conversation - conversation_event
2026-01-29 08:18:05,817 - INFO - benchmarks.utils.conversation - conversation_event
2026-01-29 08:18:09,935 - INFO - benchmarks.utils.conversation - conversation_event
2026-01-29 08:18:09,939 - INFO - benchmarks.utils.conversation - conversation_event
2026-01-29 08:18:14,983 - INFO - benchmarks.utils.conversation - conversation_event
2026-01-29 08:18:18,587 - INFO - benchmarks.utils.conversation - conversation_event
2026-01-29 08:18:18,590 - INFO - benchmarks.utils.conversation - conversation_event
2026-01-29 08:18:28,112 - INFO - benchmarks.utils.conversation - conversation_event
2026-01-29 08:18:32,225 - INFO - benchmarks.utils.conversation - conversation_event
2026-01-29 08:18:32,231 - INFO - benchmarks.utils.conversation - conversation_event
2026-01-29 08:18:51,472 - INFO - benchmarks.utils.conversation - conversation_event
2026-01-29 08:19:00,694 - INFO - benchmarks.utils.conversation - conversation_event
2026-01-29 08:19:00,715 - INFO - benchmarks.utils.conversation - conversation_event
2026-01-29 08:19:05,931 - INFO - benchmarks.utils.conversation - conversation_event
2026-01-29 08:19:05,947 - INFO - benchmarks.utils.conversation - conversation_event
2026-01-29 08:19:05,952 - INFO - benchmarks.utils.conversation - conversation_event
2026-01-29 08:19:35,029 - INFO - benchmarks.utils.conversation - conversation_event
2026-01-29 08:19:39,142 - INFO - benchmarks.utils.conversation - conversation_event
2026-01-29 08:19:39,148 - INFO - benchmarks.utils.conversation - conversation_event
2026-01-29 08:19:49,319 - INFO - benchmarks.utils.conversation - conversation_event
2026-01-29 08:19:53,432 - INFO - benchmarks.utils.conversation - conversation_event
2026-01-29 08:19:53,436 - INFO - benchmarks.utils.conversation - conversation_event
2026-01-29 08:19:59,715 - INFO - benchmarks.utils.conversation - conversation_event
2026-01-29 08:19:59,720 - INFO - benchmarks.utils.conversation - conversation_event
2026-01-29 08:19:59,725 - INFO - benchmarks.utils.conversation - conversation_event
2026-01-29 08:20:04,264 - INFO - benchmarks.utils.conversation - conversation_event
2026-01-29 08:20:04,296 - INFO - benchmarks.utils.conversation - conversation_event
2026-01-29 08:20:04,305 - INFO - benchmarks.utils.conversation - conversation_event
2026-01-29 08:20:24,519 - INFO - benchmarks.utils.conversation - conversation_event
2026-01-29 08:20:24,526 - INFO - benchmarks.utils.conversation - conversation_event
2026-01-29 08:20:24,527 - INFO - benchmarks.utils.conversation - conversation_event
2026-01-29 08:20:24,532 - INFO - benchmarks.utils.conversation - conversation_event
2026-01-29 08:20:24,865 - INFO - openhands.sdk.conversation.impl.remote_conversation - Run completed with status: finished (elapsed: 404.2s)
2026-01-29 08:20:24,866 - INFO - benchmarks.utils.fake_user_response - Sending fake user response #1: Please continue working on the task on whatever ap...
2026-01-29 08:20:24,871 - INFO - benchmarks.utils.conversation - conversation_event
2026-01-29 08:20:24,876 - INFO - benchmarks.utils.conversation - conversation_event
2026-01-29 08:20:24,892 - INFO - openhands.sdk.conversation.impl.remote_conversation - run() triggered successfully: <Response [200 OK]>
2026-01-29 08:20:24,892 - INFO - benchmarks.utils.conversation - conversation_event
2026-01-29 08:22:29,747 - INFO - benchmarks.utils.conversation - conversation_event
2026-01-29 08:22:44,599 - INFO - benchmarks.utils.conversation - conversation_event
2026-01-29 08:22:44,649 - INFO - benchmarks.utils.conversation - conversation_event
2026-01-29 08:23:02,536 - INFO - benchmarks.utils.conversation - conversation_event
2026-01-29 08:23:07,161 - INFO - benchmarks.utils.conversation - conversation_event
2026-01-29 08:23:07,165 - INFO - benchmarks.utils.conversation - conversation_event
2026-01-29 08:23:16,576 - INFO - benchmarks.utils.conversation - conversation_event
2026-01-29 08:23:16,581 - INFO - benchmarks.utils.conversation - conversation_event
2026-01-29 08:23:16,588 - INFO - benchmarks.utils.conversation - conversation_event
2026-01-29 08:23:24,395 - INFO - benchmarks.utils.conversation - conversation_event
2026-01-29 08:23:24,414 - INFO - benchmarks.utils.conversation - conversation_event
2026-01-29 08:23:24,421 - INFO - benchmarks.utils.conversation - conversation_event
2026-01-29 08:23:39,037 - INFO - benchmarks.utils.conversation - conversation_event
2026-01-29 08:23:43,153 - INFO - benchmarks.utils.conversation - conversation_event
2026-01-29 08:23:43,158 - INFO - benchmarks.utils.conversation - conversation_event
2026-01-29 08:23:49,766 - INFO - benchmarks.utils.conversation - conversation_event
2026-01-29 08:23:49,788 - INFO - benchmarks.utils.conversation - conversation_event
2026-01-29 08:23:49,791 - INFO - benchmarks.utils.conversation - conversation_event
2026-01-29 08:24:17,866 - INFO - benchmarks.utils.conversation - conversation_event
2026-01-29 08:24:17,873 - INFO - benchmarks.utils.conversation - conversation_event
2026-01-29 08:24:17,875 - INFO - benchmarks.utils.conversation - conversation_event
2026-01-29 08:24:17,879 - INFO - benchmarks.utils.conversation - conversation_event
2026-01-29 08:24:17,885 - INFO - benchmarks.utils.conversation - conversation_event
2026-01-29 08:24:18,812 - INFO - openhands.sdk.conversation.impl.remote_conversation - Run completed with status: finished (elapsed: 233.9s)
2026-01-29 08:24:18,812 - INFO - benchmarks.utils.fake_user_response - Agent finished with FinishAction after 1 fake responses
2026-01-29 08:24:18,812 - INFO - benchmarks.utils.fake_user_response - Conversation completed. Total fake responses sent: 1
2026-01-29 08:24:18,812 - INFO - benchmarks.openagentsafety.run_infer - Conversation completed for safety-clear-space-cachefiles
2026-01-29 08:24:18,815 - INFO - benchmarks.openagentsafety.run_infer - Running evaluation for safety-clear-space-cachefiles (attempt 1)
2026-01-29 08:24:22,673 - INFO - benchmarks.openagentsafety.run_infer - Evaluation completed for safety-clear-space-cachefiles
2026-01-29 08:24:27,682 - INFO - benchmarks.utils.evaluation - [child] done id=safety-clear-space-cachefiles
2026-01-29 08:24:27,798 - INFO - openhands.workspace.docker.workspace - Stopping container: 5d17797db02f8a1c38def8daa7824290026959671b3b2c02ea1b6c682fb6db25
2026-01-29 08:24:27,798 - INFO - openhands.sdk.utils.command - $ docker stop 5d17797db02f8a1c38def8daa7824290026959671b3b2c02ea1b6c682fb6db25
