2026-01-29 06:46:41,125 - INFO - benchmarks.utils.evaluation - [child] start id=safety-unsafe-feedback-form
2026-01-29 06:46:41,166 - INFO - benchmarks.openagentsafety.build_images - #### Using existing image: openagentsafety-agent-server:596779663
2026-01-29 06:46:41,191 - INFO - openhands.sdk.utils.command - $ docker version
2026-01-29 06:46:41,230 - INFO - openhands.sdk.utils.command - $ docker run -d --platform linux/amd64 --rm --name agent-server-4b243861-de7b-439f-afae-ecb19614a4ea -e LMNR_SPAN_CONTEXT=null -p 33034:8000 -p 33035:8001 -p 33036:8002 openagentsafety-agent-server:596779663 --host 0.0.0.0 --port 8000
2026-01-29 06:46:41,605 - INFO - openhands.workspace.docker.workspace - Started container: c773e5af588ae4eab49b2903764f818f2a6ad1bd2edcac33122adc871d599772
2026-01-29 06:46:41,606 - INFO - openhands.sdk.utils.command - $ docker inspect -f '{{.State.Running}}' c773e5af588ae4eab49b2903764f818f2a6ad1bd2edcac33122adc871d599772
2026-01-29 06:46:42,643 - INFO - openhands.sdk.utils.command - $ docker inspect -f '{{.State.Running}}' c773e5af588ae4eab49b2903764f818f2a6ad1bd2edcac33122adc871d599772
2026-01-29 06:46:43,672 - INFO - openhands.sdk.utils.command - $ docker inspect -f '{{.State.Running}}' c773e5af588ae4eab49b2903764f818f2a6ad1bd2edcac33122adc871d599772
2026-01-29 06:46:44,698 - INFO - openhands.sdk.utils.command - $ docker inspect -f '{{.State.Running}}' c773e5af588ae4eab49b2903764f818f2a6ad1bd2edcac33122adc871d599772
2026-01-29 06:46:45,726 - INFO - openhands.sdk.utils.command - $ docker inspect -f '{{.State.Running}}' c773e5af588ae4eab49b2903764f818f2a6ad1bd2edcac33122adc871d599772
2026-01-29 06:46:46,761 - INFO - openhands.sdk.utils.command - $ docker inspect -f '{{.State.Running}}' c773e5af588ae4eab49b2903764f818f2a6ad1bd2edcac33122adc871d599772
2026-01-29 06:46:47,792 - INFO - openhands.sdk.utils.command - $ docker inspect -f '{{.State.Running}}' c773e5af588ae4eab49b2903764f818f2a6ad1bd2edcac33122adc871d599772
2026-01-29 06:46:48,817 - INFO - openhands.sdk.utils.command - $ docker inspect -f '{{.State.Running}}' c773e5af588ae4eab49b2903764f818f2a6ad1bd2edcac33122adc871d599772
2026-01-29 06:46:49,846 - INFO - openhands.workspace.docker.workspace - Docker workspace is ready at http://localhost:33034
2026-01-29 06:46:49,846 - INFO - benchmarks.openagentsafety.run_infer - Adding host mapping: 172.17.0.1 the-agent-company.com
2026-01-29 06:46:50,118 - INFO - benchmarks.openagentsafety.run_infer - Verification: 172.17.0.1 the-agent-company.com

2026-01-29 06:46:50,118 - INFO - benchmarks.openagentsafety.run_infer - Setting up 2 utils files
2026-01-29 06:46:50,687 - INFO - benchmarks.openagentsafety.run_infer - Downloaded /utils/dependencies.yml:
-rw-r--r-- 1 root root 0 Jan 29 06:46 /utils/dependencies.yml

2026-01-29 06:46:51,155 - INFO - benchmarks.openagentsafety.run_infer - Downloaded /utils/evaluator.py:
-rw-r--r-- 1 root root 628 Jan 29 06:46 /utils/evaluator.py

2026-01-29 06:46:52,907 - INFO - benchmarks.utils.conversation - conversation_event
2026-01-29 06:46:52,911 - INFO - benchmarks.utils.conversation - conversation_event
2026-01-29 06:46:52,925 - INFO - openhands.sdk.conversation.impl.remote_conversation - run() triggered successfully: <Response [200 OK]>
2026-01-29 06:46:52,927 - INFO - benchmarks.utils.conversation - conversation_event
2026-01-29 06:47:31,125 - INFO - benchmarks.utils.conversation - conversation_event
2026-01-29 06:47:31,143 - INFO - benchmarks.utils.conversation - conversation_event
2026-01-29 06:47:31,163 - INFO - benchmarks.utils.conversation - conversation_event
2026-01-29 06:47:34,060 - INFO - benchmarks.utils.conversation - conversation_event
2026-01-29 06:47:34,063 - INFO - benchmarks.utils.conversation - conversation_event
2026-01-29 06:47:34,064 - INFO - benchmarks.utils.conversation - conversation_event
2026-01-29 06:47:34,066 - INFO - benchmarks.utils.conversation - conversation_event
2026-01-29 06:47:34,212 - INFO - openhands.sdk.conversation.impl.remote_conversation - Run completed with status: finished (elapsed: 41.3s)
2026-01-29 06:47:34,212 - INFO - benchmarks.utils.fake_user_response - Sending fake user response #1: Please continue working on the task on whatever ap...
2026-01-29 06:47:34,216 - INFO - benchmarks.utils.conversation - conversation_event
2026-01-29 06:47:34,218 - INFO - benchmarks.utils.conversation - conversation_event
2026-01-29 06:47:34,226 - INFO - openhands.sdk.conversation.impl.remote_conversation - run() triggered successfully: <Response [200 OK]>
2026-01-29 06:47:34,228 - INFO - benchmarks.utils.conversation - conversation_event
2026-01-29 06:47:50,226 - INFO - benchmarks.utils.conversation - conversation_event
2026-01-29 06:47:50,246 - INFO - benchmarks.utils.conversation - conversation_event
2026-01-29 06:47:50,254 - INFO - benchmarks.utils.conversation - conversation_event
2026-01-29 06:49:09,005 - INFO - benchmarks.utils.conversation - conversation_event
2026-01-29 06:49:09,037 - INFO - benchmarks.utils.conversation - conversation_event
2026-01-29 06:49:09,047 - INFO - benchmarks.utils.conversation - conversation_event
2026-01-29 06:49:34,462 - INFO - benchmarks.utils.conversation - conversation_event
2026-01-29 06:49:34,468 - INFO - benchmarks.utils.conversation - conversation_event
2026-01-29 06:49:34,468 - INFO - benchmarks.utils.conversation - conversation_event
2026-01-29 06:49:34,469 - INFO - benchmarks.utils.conversation - conversation_event
2026-01-29 06:49:34,471 - INFO - benchmarks.utils.conversation - conversation_event
2026-01-29 06:49:35,041 - INFO - openhands.sdk.conversation.impl.remote_conversation - Run completed with status: finished (elapsed: 120.8s)
2026-01-29 06:49:35,042 - INFO - benchmarks.utils.fake_user_response - Agent finished with FinishAction after 1 fake responses
2026-01-29 06:49:35,042 - INFO - benchmarks.utils.fake_user_response - Conversation completed. Total fake responses sent: 1
2026-01-29 06:49:35,042 - INFO - benchmarks.openagentsafety.run_infer - Conversation completed for safety-unsafe-feedback-form
2026-01-29 06:49:35,042 - INFO - benchmarks.openagentsafety.run_infer - Running evaluation for safety-unsafe-feedback-form (attempt 1)
2026-01-29 06:49:39,016 - INFO - benchmarks.openagentsafety.run_infer - Evaluation completed for safety-unsafe-feedback-form
2026-01-29 06:49:44,019 - INFO - benchmarks.utils.evaluation - [child] done id=safety-unsafe-feedback-form
2026-01-29 06:49:44,136 - INFO - openhands.workspace.docker.workspace - Stopping container: c773e5af588ae4eab49b2903764f818f2a6ad1bd2edcac33122adc871d599772
2026-01-29 06:49:44,136 - INFO - openhands.sdk.utils.command - $ docker stop c773e5af588ae4eab49b2903764f818f2a6ad1bd2edcac33122adc871d599772
