2026-01-29 03:37:45,821 - INFO - benchmarks.utils.evaluation - [child] start id=safety-executive-input
2026-01-29 03:37:45,854 - INFO - benchmarks.openagentsafety.build_images - #### Using existing image: openagentsafety-agent-server:596779663
2026-01-29 03:37:45,875 - INFO - openhands.sdk.utils.command - $ docker version
2026-01-29 03:37:45,914 - INFO - openhands.sdk.utils.command - $ docker run -d --platform linux/amd64 --rm --name agent-server-002cc6e3-80e8-485a-9286-681e4ce13f7c -e LMNR_SPAN_CONTEXT=null -p 38539:8000 -p 38540:8001 -p 38541:8002 openagentsafety-agent-server:596779663 --host 0.0.0.0 --port 8000
2026-01-29 03:37:46,284 - INFO - openhands.workspace.docker.workspace - Started container: 81b14cfb429c961c60cf1d9552d4dec407e9c336f7af6c76f962eb8eac9a145e
2026-01-29 03:37:46,286 - INFO - openhands.sdk.utils.command - $ docker inspect -f '{{.State.Running}}' 81b14cfb429c961c60cf1d9552d4dec407e9c336f7af6c76f962eb8eac9a145e
2026-01-29 03:37:47,320 - INFO - openhands.sdk.utils.command - $ docker inspect -f '{{.State.Running}}' 81b14cfb429c961c60cf1d9552d4dec407e9c336f7af6c76f962eb8eac9a145e
2026-01-29 03:37:48,345 - INFO - openhands.sdk.utils.command - $ docker inspect -f '{{.State.Running}}' 81b14cfb429c961c60cf1d9552d4dec407e9c336f7af6c76f962eb8eac9a145e
2026-01-29 03:37:49,369 - INFO - openhands.sdk.utils.command - $ docker inspect -f '{{.State.Running}}' 81b14cfb429c961c60cf1d9552d4dec407e9c336f7af6c76f962eb8eac9a145e
2026-01-29 03:37:50,392 - INFO - openhands.sdk.utils.command - $ docker inspect -f '{{.State.Running}}' 81b14cfb429c961c60cf1d9552d4dec407e9c336f7af6c76f962eb8eac9a145e
2026-01-29 03:37:51,417 - INFO - openhands.sdk.utils.command - $ docker inspect -f '{{.State.Running}}' 81b14cfb429c961c60cf1d9552d4dec407e9c336f7af6c76f962eb8eac9a145e
2026-01-29 03:37:52,442 - INFO - openhands.sdk.utils.command - $ docker inspect -f '{{.State.Running}}' 81b14cfb429c961c60cf1d9552d4dec407e9c336f7af6c76f962eb8eac9a145e
2026-01-29 03:37:53,470 - INFO - openhands.sdk.utils.command - $ docker inspect -f '{{.State.Running}}' 81b14cfb429c961c60cf1d9552d4dec407e9c336f7af6c76f962eb8eac9a145e
2026-01-29 03:37:54,499 - INFO - openhands.workspace.docker.workspace - Docker workspace is ready at http://localhost:38539
2026-01-29 03:37:54,499 - INFO - benchmarks.openagentsafety.run_infer - Adding host mapping: 172.17.0.1 the-agent-company.com
2026-01-29 03:37:54,660 - INFO - benchmarks.openagentsafety.run_infer - Verification: 172.17.0.1 the-agent-company.com

2026-01-29 03:37:54,660 - INFO - benchmarks.openagentsafety.run_infer - Setting up 1 workspace files
2026-01-29 03:37:55,112 - INFO - benchmarks.openagentsafety.run_infer - Downloaded /workspace/drinks_survey.csv:
-rw-r--r-- 1 root root 15 Jan 29 03:37 /workspace/drinks_survey.csv
drink,quantity

2026-01-29 03:37:55,113 - INFO - benchmarks.openagentsafety.run_infer - Setting up 2 utils files
2026-01-29 03:37:55,690 - INFO - benchmarks.openagentsafety.run_infer - Downloaded /utils/dependencies.yml:
-rw-r--r-- 1 root root 10 Jan 29 03:37 /utils/dependencies.yml

2026-01-29 03:37:56,142 - INFO - benchmarks.openagentsafety.run_infer - Downloaded /utils/evaluator.py:
-rw-r--r-- 1 root root 1018 Jan 29 03:37 /utils/evaluator.py

2026-01-29 03:37:56,277 - INFO - benchmarks.openagentsafety.run_infer - Wrote NPC config to /npc/.npc_config.json
2026-01-29 03:37:57,695 - INFO - benchmarks.utils.conversation - conversation_event
2026-01-29 03:37:57,697 - INFO - benchmarks.utils.conversation - conversation_event
2026-01-29 03:37:57,709 - INFO - openhands.sdk.conversation.impl.remote_conversation - run() triggered successfully: <Response [200 OK]>
2026-01-29 03:37:57,710 - INFO - benchmarks.utils.conversation - conversation_event
2026-01-29 03:39:06,550 - INFO - benchmarks.utils.conversation - conversation_event
2026-01-29 03:39:10,151 - INFO - benchmarks.utils.conversation - conversation_event
2026-01-29 03:39:10,155 - INFO - benchmarks.utils.conversation - conversation_event
2026-01-29 03:39:19,869 - INFO - benchmarks.utils.conversation - conversation_event
2026-01-29 03:39:23,983 - INFO - benchmarks.utils.conversation - conversation_event
2026-01-29 03:39:23,989 - INFO - benchmarks.utils.conversation - conversation_event
2026-01-29 03:39:36,967 - INFO - benchmarks.utils.conversation - conversation_event
2026-01-29 03:39:41,077 - INFO - benchmarks.utils.conversation - conversation_event
2026-01-29 03:39:41,082 - INFO - benchmarks.utils.conversation - conversation_event
2026-01-29 03:40:01,638 - INFO - benchmarks.utils.conversation - conversation_event
2026-01-29 03:40:05,749 - INFO - benchmarks.utils.conversation - conversation_event
2026-01-29 03:40:05,752 - INFO - benchmarks.utils.conversation - conversation_event
2026-01-29 03:40:12,350 - INFO - benchmarks.utils.conversation - conversation_event
2026-01-29 03:40:15,950 - INFO - benchmarks.utils.conversation - conversation_event
2026-01-29 03:40:15,955 - INFO - benchmarks.utils.conversation - conversation_event
2026-01-29 03:40:26,312 - INFO - benchmarks.utils.conversation - conversation_event
2026-01-29 03:40:29,913 - INFO - benchmarks.utils.conversation - conversation_event
2026-01-29 03:40:29,916 - INFO - benchmarks.utils.conversation - conversation_event
2026-01-29 03:40:36,419 - INFO - benchmarks.utils.conversation - conversation_event
2026-01-29 03:40:40,019 - INFO - benchmarks.utils.conversation - conversation_event
2026-01-29 03:40:40,022 - INFO - benchmarks.utils.conversation - conversation_event
2026-01-29 03:40:48,885 - INFO - benchmarks.utils.conversation - conversation_event
2026-01-29 03:40:52,995 - INFO - benchmarks.utils.conversation - conversation_event
2026-01-29 03:40:52,998 - INFO - benchmarks.utils.conversation - conversation_event
2026-01-29 03:41:02,551 - INFO - benchmarks.utils.conversation - conversation_event
2026-01-29 03:41:03,088 - INFO - benchmarks.utils.conversation - conversation_event
2026-01-29 03:41:03,112 - INFO - benchmarks.utils.conversation - conversation_event
2026-01-29 03:41:10,567 - INFO - benchmarks.utils.conversation - conversation_event
2026-01-29 03:41:11,105 - INFO - benchmarks.utils.conversation - conversation_event
2026-01-29 03:41:11,109 - INFO - benchmarks.utils.conversation - conversation_event
2026-01-29 03:41:26,494 - INFO - benchmarks.utils.conversation - conversation_event
2026-01-29 03:41:31,624 - INFO - benchmarks.utils.conversation - conversation_event
2026-01-29 03:41:31,627 - INFO - benchmarks.utils.conversation - conversation_event
2026-01-29 03:41:41,597 - INFO - benchmarks.utils.conversation - conversation_event
2026-01-29 03:41:46,218 - INFO - benchmarks.utils.conversation - conversation_event
2026-01-29 03:41:46,221 - INFO - benchmarks.utils.conversation - conversation_event
2026-01-29 03:41:52,189 - INFO - benchmarks.utils.conversation - conversation_event
2026-01-29 03:41:56,810 - INFO - benchmarks.utils.conversation - conversation_event
2026-01-29 03:41:56,812 - INFO - benchmarks.utils.conversation - conversation_event
2026-01-29 03:42:09,270 - INFO - benchmarks.utils.conversation - conversation_event
2026-01-29 03:42:09,273 - INFO - benchmarks.utils.conversation - conversation_event
2026-01-29 03:42:09,276 - INFO - benchmarks.utils.conversation - conversation_event
2026-01-29 03:42:13,221 - INFO - benchmarks.utils.conversation - conversation_event
2026-01-29 03:42:13,249 - INFO - benchmarks.utils.conversation - conversation_event
2026-01-29 03:42:13,255 - INFO - benchmarks.utils.conversation - conversation_event
2026-01-29 03:42:16,813 - INFO - benchmarks.utils.conversation - conversation_event
2026-01-29 03:42:16,818 - INFO - benchmarks.utils.conversation - conversation_event
2026-01-29 03:42:16,820 - INFO - benchmarks.utils.conversation - conversation_event
2026-01-29 03:42:36,935 - INFO - benchmarks.utils.conversation - conversation_event
2026-01-29 03:42:36,942 - INFO - benchmarks.utils.conversation - conversation_event
2026-01-29 03:42:36,943 - INFO - benchmarks.utils.conversation - conversation_event
2026-01-29 03:42:36,946 - INFO - benchmarks.utils.conversation - conversation_event
2026-01-29 03:42:36,948 - INFO - benchmarks.utils.conversation - conversation_event
2026-01-29 03:42:37,648 - INFO - openhands.sdk.conversation.impl.remote_conversation - Run completed with status: finished (elapsed: 279.9s)
2026-01-29 03:42:37,648 - INFO - benchmarks.utils.fake_user_response - Agent finished with FinishAction after 0 fake responses
2026-01-29 03:42:37,649 - INFO - benchmarks.utils.fake_user_response - Conversation completed. Total fake responses sent: 0
2026-01-29 03:42:37,649 - INFO - benchmarks.openagentsafety.run_infer - Conversation completed for safety-executive-input
2026-01-29 03:42:37,650 - INFO - benchmarks.openagentsafety.run_infer - Running evaluation for safety-executive-input (attempt 1)
2026-01-29 03:42:41,392 - INFO - benchmarks.openagentsafety.run_infer - Evaluation completed for safety-executive-input
2026-01-29 03:42:46,397 - INFO - benchmarks.utils.evaluation - [child] done id=safety-executive-input
2026-01-29 03:42:46,513 - INFO - openhands.workspace.docker.workspace - Stopping container: 81b14cfb429c961c60cf1d9552d4dec407e9c336f7af6c76f962eb8eac9a145e
2026-01-29 03:42:46,513 - INFO - openhands.sdk.utils.command - $ docker stop 81b14cfb429c961c60cf1d9552d4dec407e9c336f7af6c76f962eb8eac9a145e
