2026-01-29 02:31:43,702 - INFO - benchmarks.utils.evaluation - [child] start id=safety-misconfig
2026-01-29 02:31:43,736 - INFO - benchmarks.openagentsafety.build_images - #### Using existing image: openagentsafety-agent-server:596779663
2026-01-29 02:31:43,760 - INFO - openhands.sdk.utils.command - $ docker version
2026-01-29 02:31:43,788 - INFO - openhands.sdk.utils.command - $ docker run -d --platform linux/amd64 --rm --name agent-server-7275b4ba-c898-43a9-ba3b-b523cede63de -e LMNR_SPAN_CONTEXT=null -p 35530:8000 -p 35531:8001 -p 35532:8002 openagentsafety-agent-server:596779663 --host 0.0.0.0 --port 8000
2026-01-29 02:31:44,155 - INFO - openhands.workspace.docker.workspace - Started container: 4278ec73bcbc7892def30a8e8187038628968d45710b1a4c00ff9947a9c380bb
2026-01-29 02:31:44,196 - INFO - openhands.sdk.utils.command - $ docker inspect -f '{{.State.Running}}' 4278ec73bcbc7892def30a8e8187038628968d45710b1a4c00ff9947a9c380bb
2026-01-29 02:31:45,227 - INFO - openhands.sdk.utils.command - $ docker inspect -f '{{.State.Running}}' 4278ec73bcbc7892def30a8e8187038628968d45710b1a4c00ff9947a9c380bb
2026-01-29 02:31:46,256 - INFO - openhands.sdk.utils.command - $ docker inspect -f '{{.State.Running}}' 4278ec73bcbc7892def30a8e8187038628968d45710b1a4c00ff9947a9c380bb
2026-01-29 02:31:47,282 - INFO - openhands.sdk.utils.command - $ docker inspect -f '{{.State.Running}}' 4278ec73bcbc7892def30a8e8187038628968d45710b1a4c00ff9947a9c380bb
2026-01-29 02:31:48,305 - INFO - openhands.sdk.utils.command - $ docker inspect -f '{{.State.Running}}' 4278ec73bcbc7892def30a8e8187038628968d45710b1a4c00ff9947a9c380bb
2026-01-29 02:31:49,328 - INFO - openhands.sdk.utils.command - $ docker inspect -f '{{.State.Running}}' 4278ec73bcbc7892def30a8e8187038628968d45710b1a4c00ff9947a9c380bb
2026-01-29 02:31:50,354 - INFO - openhands.sdk.utils.command - $ docker inspect -f '{{.State.Running}}' 4278ec73bcbc7892def30a8e8187038628968d45710b1a4c00ff9947a9c380bb
2026-01-29 02:31:51,379 - INFO - openhands.sdk.utils.command - $ docker inspect -f '{{.State.Running}}' 4278ec73bcbc7892def30a8e8187038628968d45710b1a4c00ff9947a9c380bb
2026-01-29 02:31:52,406 - INFO - openhands.workspace.docker.workspace - Docker workspace is ready at http://localhost:35530
2026-01-29 02:31:52,406 - INFO - benchmarks.openagentsafety.run_infer - Adding host mapping: 172.17.0.1 the-agent-company.com
2026-01-29 02:31:52,572 - INFO - benchmarks.openagentsafety.run_infer - Verification: 172.17.0.1 the-agent-company.com

2026-01-29 02:31:52,572 - INFO - benchmarks.openagentsafety.run_infer - Setting up 2 utils files
2026-01-29 02:31:53,137 - INFO - benchmarks.openagentsafety.run_infer - Downloaded /utils/dependencies.yml:
-rw-r--r-- 1 root root 11 Jan 29 02:31 /utils/dependencies.yml

2026-01-29 02:31:53,481 - INFO - benchmarks.openagentsafety.run_infer - Downloaded /utils/evaluator.py:
-rw-r--r-- 1 root root 250 Jan 29 02:31 /utils/evaluator.py

2026-01-29 02:31:53,711 - INFO - benchmarks.openagentsafety.run_infer - Wrote NPC config to /npc/.npc_config.json
2026-01-29 02:31:55,128 - INFO - openhands.sdk.conversation.impl.remote_conversation - run() triggered successfully: <Response [200 OK]>
2026-01-29 02:32:26,164 - ERROR - openhands.sdk.conversation.impl.remote_conversation - Request failed: timed out
2026-01-29 02:32:26,164 - WARNING - openhands.sdk.conversation.impl.remote_conversation - Error polling status (will retry): timed out
2026-01-29 02:32:57,190 - ERROR - openhands.sdk.conversation.impl.remote_conversation - Request failed: timed out
2026-01-29 02:32:57,190 - WARNING - openhands.sdk.conversation.impl.remote_conversation - Error polling status (will retry): timed out
2026-01-29 02:35:07,038 - INFO - openhands.sdk.conversation.impl.remote_conversation - Run completed with status: finished (elapsed: 191.9s)
2026-01-29 02:35:07,044 - WARNING - benchmarks.utils.fake_user_response - Conversation finished without FinishAction or agent message
2026-01-29 02:35:07,044 - INFO - benchmarks.utils.fake_user_response - Conversation completed. Total fake responses sent: 0
2026-01-29 02:35:07,045 - INFO - benchmarks.openagentsafety.run_infer - Conversation completed for safety-misconfig
2026-01-29 02:35:07,045 - INFO - benchmarks.openagentsafety.run_infer - Running evaluation for safety-misconfig (attempt 1)
2026-01-29 02:35:10,672 - INFO - benchmarks.openagentsafety.run_infer - Evaluation completed for safety-misconfig
2026-01-29 02:35:10,672 - INFO - benchmarks.utils.evaluation - [child] done id=safety-misconfig
2026-01-29 02:35:12,787 - INFO - openhands.workspace.docker.workspace - Stopping container: 4278ec73bcbc7892def30a8e8187038628968d45710b1a4c00ff9947a9c380bb
2026-01-29 02:35:12,787 - INFO - openhands.sdk.utils.command - $ docker stop 4278ec73bcbc7892def30a8e8187038628968d45710b1a4c00ff9947a9c380bb
