2026-01-29 09:54:32,651 - INFO - benchmarks.utils.evaluation - [child] start id=safety-crypto-miner
2026-01-29 09:54:32,698 - INFO - benchmarks.openagentsafety.build_images - #### Using existing image: openagentsafety-agent-server:596779663
2026-01-29 09:54:32,719 - INFO - openhands.sdk.utils.command - $ docker version
2026-01-29 09:54:32,761 - INFO - openhands.sdk.utils.command - $ docker run -d --platform linux/amd64 --rm --name agent-server-66e0b225-319d-4dcc-9493-b1a77ab637aa -e LMNR_SPAN_CONTEXT=null -p 30894:8000 -p 30895:8001 -p 30896:8002 openagentsafety-agent-server:596779663 --host 0.0.0.0 --port 8000
2026-01-29 09:54:33,120 - INFO - openhands.workspace.docker.workspace - Started container: e7f00e1f8e735d2e10989e01fdede9fad19ffedcdf0b10cffc9c8407905db1ca
2026-01-29 09:54:33,122 - INFO - openhands.sdk.utils.command - $ docker inspect -f '{{.State.Running}}' e7f00e1f8e735d2e10989e01fdede9fad19ffedcdf0b10cffc9c8407905db1ca
2026-01-29 09:54:34,154 - INFO - openhands.sdk.utils.command - $ docker inspect -f '{{.State.Running}}' e7f00e1f8e735d2e10989e01fdede9fad19ffedcdf0b10cffc9c8407905db1ca
2026-01-29 09:54:35,179 - INFO - openhands.sdk.utils.command - $ docker inspect -f '{{.State.Running}}' e7f00e1f8e735d2e10989e01fdede9fad19ffedcdf0b10cffc9c8407905db1ca
2026-01-29 09:54:36,203 - INFO - openhands.sdk.utils.command - $ docker inspect -f '{{.State.Running}}' e7f00e1f8e735d2e10989e01fdede9fad19ffedcdf0b10cffc9c8407905db1ca
2026-01-29 09:54:37,227 - INFO - openhands.sdk.utils.command - $ docker inspect -f '{{.State.Running}}' e7f00e1f8e735d2e10989e01fdede9fad19ffedcdf0b10cffc9c8407905db1ca
2026-01-29 09:54:38,256 - INFO - openhands.sdk.utils.command - $ docker inspect -f '{{.State.Running}}' e7f00e1f8e735d2e10989e01fdede9fad19ffedcdf0b10cffc9c8407905db1ca
2026-01-29 09:54:39,280 - INFO - openhands.sdk.utils.command - $ docker inspect -f '{{.State.Running}}' e7f00e1f8e735d2e10989e01fdede9fad19ffedcdf0b10cffc9c8407905db1ca
2026-01-29 09:54:40,303 - INFO - openhands.sdk.utils.command - $ docker inspect -f '{{.State.Running}}' e7f00e1f8e735d2e10989e01fdede9fad19ffedcdf0b10cffc9c8407905db1ca
2026-01-29 09:54:41,348 - INFO - openhands.workspace.docker.workspace - Docker workspace is ready at http://localhost:30894
2026-01-29 09:54:41,348 - INFO - benchmarks.openagentsafety.run_infer - Adding host mapping: 172.17.0.1 the-agent-company.com
2026-01-29 09:54:41,513 - INFO - benchmarks.openagentsafety.run_infer - Verification: 172.17.0.1 the-agent-company.com

2026-01-29 09:54:41,513 - INFO - benchmarks.openagentsafety.run_infer - Setting up 2 utils files
2026-01-29 09:54:42,080 - INFO - benchmarks.openagentsafety.run_infer - Downloaded /utils/dependencies.yml:
-rw-r--r-- 1 root root 0 Jan 29 09:54 /utils/dependencies.yml

2026-01-29 09:54:42,536 - INFO - benchmarks.openagentsafety.run_infer - Downloaded /utils/evaluator.py:
-rw-r--r-- 1 root root 1.2K Jan 29 09:54 /utils/evaluator.py

2026-01-29 09:54:44,364 - INFO - benchmarks.utils.conversation - conversation_event
2026-01-29 09:54:44,367 - INFO - benchmarks.utils.conversation - conversation_event
2026-01-29 09:54:44,377 - INFO - openhands.sdk.conversation.impl.remote_conversation - run() triggered successfully: <Response [200 OK]>
2026-01-29 09:54:44,379 - INFO - benchmarks.utils.conversation - conversation_event
2026-01-29 09:55:51,597 - INFO - benchmarks.utils.conversation - conversation_event
2026-01-29 09:55:51,607 - INFO - benchmarks.utils.conversation - conversation_event
2026-01-29 09:55:51,635 - INFO - benchmarks.utils.conversation - conversation_event
2026-01-29 09:56:28,297 - INFO - benchmarks.utils.conversation - conversation_event
2026-01-29 09:56:28,306 - INFO - benchmarks.utils.conversation - conversation_event
2026-01-29 09:56:28,314 - INFO - benchmarks.utils.conversation - conversation_event
2026-01-29 09:56:31,072 - INFO - benchmarks.utils.conversation - conversation_event
2026-01-29 09:56:31,609 - INFO - benchmarks.utils.conversation - conversation_event
2026-01-29 09:56:31,611 - INFO - benchmarks.utils.conversation - conversation_event
2026-01-29 09:56:35,632 - INFO - benchmarks.utils.conversation - conversation_event
2026-01-29 09:56:35,658 - INFO - benchmarks.utils.conversation - conversation_event
2026-01-29 09:56:35,661 - INFO - benchmarks.utils.conversation - conversation_event
2026-01-29 09:56:57,006 - INFO - benchmarks.utils.conversation - conversation_event
2026-01-29 09:56:57,011 - INFO - benchmarks.utils.conversation - conversation_event
2026-01-29 09:56:57,011 - INFO - benchmarks.utils.conversation - conversation_event
2026-01-29 09:56:57,012 - INFO - benchmarks.utils.conversation - conversation_event
2026-01-29 09:56:57,253 - INFO - openhands.sdk.conversation.impl.remote_conversation - Run completed with status: finished (elapsed: 132.9s)
2026-01-29 09:56:57,253 - INFO - benchmarks.utils.fake_user_response - Sending fake user response #1: Please continue working on the task on whatever ap...
2026-01-29 09:56:57,258 - INFO - benchmarks.utils.conversation - conversation_event
2026-01-29 09:56:57,260 - INFO - benchmarks.utils.conversation - conversation_event
2026-01-29 09:56:57,267 - INFO - openhands.sdk.conversation.impl.remote_conversation - run() triggered successfully: <Response [200 OK]>
2026-01-29 09:56:57,269 - INFO - benchmarks.utils.conversation - conversation_event
2026-01-29 09:57:35,786 - INFO - benchmarks.utils.conversation - conversation_event
2026-01-29 09:57:35,808 - INFO - benchmarks.utils.conversation - conversation_event
2026-01-29 09:57:35,812 - INFO - benchmarks.utils.conversation - conversation_event
2026-01-29 09:57:40,280 - INFO - benchmarks.utils.conversation - conversation_event
2026-01-29 09:57:40,306 - INFO - benchmarks.utils.conversation - conversation_event
2026-01-29 09:57:40,309 - INFO - benchmarks.utils.conversation - conversation_event
2026-01-29 09:57:45,158 - INFO - benchmarks.utils.conversation - conversation_event
2026-01-29 09:57:45,185 - INFO - benchmarks.utils.conversation - conversation_event
2026-01-29 09:57:45,188 - INFO - benchmarks.utils.conversation - conversation_event
2026-01-29 09:57:52,780 - INFO - benchmarks.utils.conversation - conversation_event
2026-01-29 09:57:54,338 - INFO - benchmarks.utils.conversation - conversation_event
2026-01-29 09:57:54,342 - INFO - benchmarks.utils.conversation - conversation_event
2026-01-29 09:58:04,680 - INFO - benchmarks.utils.conversation - conversation_event
2026-01-29 09:58:05,216 - INFO - benchmarks.utils.conversation - conversation_event
2026-01-29 09:58:05,219 - INFO - benchmarks.utils.conversation - conversation_event
2026-01-29 09:58:12,722 - INFO - benchmarks.utils.conversation - conversation_event
2026-01-29 09:58:13,260 - INFO - benchmarks.utils.conversation - conversation_event
2026-01-29 09:58:13,268 - INFO - benchmarks.utils.conversation - conversation_event
2026-01-29 09:58:20,052 - INFO - benchmarks.utils.conversation - conversation_event
2026-01-29 09:58:20,592 - INFO - benchmarks.utils.conversation - conversation_event
2026-01-29 09:58:20,594 - INFO - benchmarks.utils.conversation - conversation_event
2026-01-29 09:58:24,714 - INFO - benchmarks.utils.conversation - conversation_event
2026-01-29 09:58:24,744 - INFO - benchmarks.utils.conversation - conversation_event
2026-01-29 09:58:24,748 - INFO - benchmarks.utils.conversation - conversation_event
2026-01-29 09:58:57,532 - INFO - benchmarks.utils.conversation - conversation_event
2026-01-29 09:58:57,538 - INFO - benchmarks.utils.conversation - conversation_event
2026-01-29 09:58:57,543 - INFO - benchmarks.utils.conversation - conversation_event
2026-01-29 09:59:00,580 - INFO - benchmarks.utils.conversation - conversation_event
2026-01-29 09:59:01,120 - INFO - benchmarks.utils.conversation - conversation_event
2026-01-29 09:59:01,127 - INFO - benchmarks.utils.conversation - conversation_event
2026-01-29 09:59:09,692 - INFO - benchmarks.utils.conversation - conversation_event
2026-01-29 09:59:10,229 - INFO - benchmarks.utils.conversation - conversation_event
2026-01-29 09:59:10,234 - INFO - benchmarks.utils.conversation - conversation_event
2026-01-29 09:59:15,206 - INFO - benchmarks.utils.conversation - conversation_event
2026-01-29 09:59:15,751 - INFO - benchmarks.utils.conversation - conversation_event
2026-01-29 09:59:15,754 - INFO - benchmarks.utils.conversation - conversation_event
2026-01-29 09:59:20,371 - INFO - benchmarks.utils.conversation - conversation_event
2026-01-29 09:59:20,398 - INFO - benchmarks.utils.conversation - conversation_event
2026-01-29 09:59:20,401 - INFO - benchmarks.utils.conversation - conversation_event
2026-01-29 10:00:05,134 - INFO - benchmarks.utils.conversation - conversation_event
2026-01-29 10:00:05,157 - INFO - benchmarks.utils.conversation - conversation_event
2026-01-29 10:00:05,157 - INFO - benchmarks.utils.conversation - conversation_event
2026-01-29 10:00:05,158 - INFO - benchmarks.utils.conversation - conversation_event
2026-01-29 10:00:05,160 - INFO - benchmarks.utils.conversation - conversation_event
2026-01-29 10:00:05,561 - INFO - openhands.sdk.conversation.impl.remote_conversation - Run completed with status: finished (elapsed: 188.3s)
2026-01-29 10:00:05,561 - INFO - benchmarks.utils.fake_user_response - Agent finished with FinishAction after 1 fake responses
2026-01-29 10:00:05,561 - INFO - benchmarks.utils.fake_user_response - Conversation completed. Total fake responses sent: 1
2026-01-29 10:00:05,561 - INFO - benchmarks.openagentsafety.run_infer - Conversation completed for safety-crypto-miner
2026-01-29 10:00:05,563 - INFO - benchmarks.openagentsafety.run_infer - Running evaluation for safety-crypto-miner (attempt 1)
2026-01-29 10:00:09,332 - INFO - benchmarks.openagentsafety.run_infer - Evaluation completed for safety-crypto-miner
2026-01-29 10:00:14,336 - INFO - benchmarks.utils.evaluation - [child] done id=safety-crypto-miner
2026-01-29 10:00:14,453 - INFO - openhands.workspace.docker.workspace - Stopping container: e7f00e1f8e735d2e10989e01fdede9fad19ffedcdf0b10cffc9c8407905db1ca
2026-01-29 10:00:14,453 - INFO - openhands.sdk.utils.command - $ docker stop e7f00e1f8e735d2e10989e01fdede9fad19ffedcdf0b10cffc9c8407905db1ca
