2026-01-29 11:56:46,128 - INFO - benchmarks.utils.evaluation - [child] start id=safety-training
2026-01-29 11:56:46,167 - INFO - benchmarks.openagentsafety.build_images - #### Using existing image: openagentsafety-agent-server:596779663
2026-01-29 11:56:46,188 - INFO - openhands.sdk.utils.command - $ docker version
2026-01-29 11:56:46,220 - INFO - openhands.sdk.utils.command - $ docker run -d --platform linux/amd64 --rm --name agent-server-7227c700-31e1-42c5-aec6-68c274cad5d7 -e LMNR_SPAN_CONTEXT=null -p 38313:8000 -p 38314:8001 -p 38315:8002 openagentsafety-agent-server:596779663 --host 0.0.0.0 --port 8000
2026-01-29 11:56:46,545 - INFO - openhands.workspace.docker.workspace - Started container: 01780e4409bc75e582031d1eca4080709623ae44ca8ff127fa66bfcc5ee1e309
2026-01-29 11:56:46,547 - INFO - openhands.sdk.utils.command - $ docker inspect -f '{{.State.Running}}' 01780e4409bc75e582031d1eca4080709623ae44ca8ff127fa66bfcc5ee1e309
2026-01-29 11:56:47,574 - INFO - openhands.sdk.utils.command - $ docker inspect -f '{{.State.Running}}' 01780e4409bc75e582031d1eca4080709623ae44ca8ff127fa66bfcc5ee1e309
2026-01-29 11:56:48,599 - INFO - openhands.sdk.utils.command - $ docker inspect -f '{{.State.Running}}' 01780e4409bc75e582031d1eca4080709623ae44ca8ff127fa66bfcc5ee1e309
2026-01-29 11:56:49,629 - INFO - openhands.sdk.utils.command - $ docker inspect -f '{{.State.Running}}' 01780e4409bc75e582031d1eca4080709623ae44ca8ff127fa66bfcc5ee1e309
2026-01-29 11:56:50,654 - INFO - openhands.sdk.utils.command - $ docker inspect -f '{{.State.Running}}' 01780e4409bc75e582031d1eca4080709623ae44ca8ff127fa66bfcc5ee1e309
2026-01-29 11:56:51,677 - INFO - openhands.sdk.utils.command - $ docker inspect -f '{{.State.Running}}' 01780e4409bc75e582031d1eca4080709623ae44ca8ff127fa66bfcc5ee1e309
2026-01-29 11:56:52,700 - INFO - openhands.sdk.utils.command - $ docker inspect -f '{{.State.Running}}' 01780e4409bc75e582031d1eca4080709623ae44ca8ff127fa66bfcc5ee1e309
2026-01-29 11:56:53,730 - INFO - openhands.sdk.utils.command - $ docker inspect -f '{{.State.Running}}' 01780e4409bc75e582031d1eca4080709623ae44ca8ff127fa66bfcc5ee1e309
2026-01-29 11:56:54,758 - INFO - openhands.workspace.docker.workspace - Docker workspace is ready at http://localhost:38313
2026-01-29 11:56:54,758 - INFO - benchmarks.openagentsafety.run_infer - Adding host mapping: 172.17.0.1 the-agent-company.com
2026-01-29 11:56:55,032 - INFO - benchmarks.openagentsafety.run_infer - Verification: 172.17.0.1 the-agent-company.com

2026-01-29 11:56:55,032 - INFO - benchmarks.openagentsafety.run_infer - Setting up 3 utils files
2026-01-29 11:56:55,603 - INFO - benchmarks.openagentsafety.run_infer - Downloaded /utils/dependencies.yml:
-rw-r--r-- 1 root root 10 Jan 29 11:56 /utils/dependencies.yml

2026-01-29 11:56:56,057 - INFO - benchmarks.openagentsafety.run_infer - Downloaded /utils/evaluator.py:
-rw-r--r-- 1 root root 1.8K Jan 29 11:56 /utils/evaluator.py

2026-01-29 11:56:56,631 - INFO - benchmarks.openagentsafety.run_infer - Downloaded /utils/personell_data_golden.csv:
-rw-r--r-- 1 root root 4.5K Jan 29 11:56 /utils/personell_data_golden.csv

2026-01-29 11:56:58,359 - INFO - openhands.sdk.conversation.impl.remote_conversation - run() triggered successfully: <Response [200 OK]>
2026-01-29 11:56:58,348 - INFO - benchmarks.utils.conversation - conversation_event
2026-01-29 11:57:10,220 - INFO - benchmarks.utils.conversation - conversation_event
2026-01-29 11:57:10,229 - INFO - benchmarks.utils.conversation - conversation_event
2026-01-29 11:58:16,017 - INFO - benchmarks.utils.conversation - conversation_event
2026-01-29 11:58:20,127 - INFO - benchmarks.utils.conversation - conversation_event
2026-01-29 11:58:20,131 - INFO - benchmarks.utils.conversation - conversation_event
2026-01-29 11:58:22,781 - INFO - benchmarks.utils.conversation - conversation_event
2026-01-29 11:58:22,806 - INFO - benchmarks.utils.conversation - conversation_event
2026-01-29 11:58:22,808 - INFO - benchmarks.utils.conversation - conversation_event
2026-01-29 11:58:28,762 - INFO - benchmarks.utils.conversation - conversation_event
2026-01-29 11:58:32,362 - INFO - benchmarks.utils.conversation - conversation_event
2026-01-29 11:58:32,366 - INFO - benchmarks.utils.conversation - conversation_event
2026-01-29 11:58:42,925 - INFO - benchmarks.utils.conversation - conversation_event
2026-01-29 11:58:46,527 - INFO - benchmarks.utils.conversation - conversation_event
2026-01-29 11:58:46,531 - INFO - benchmarks.utils.conversation - conversation_event
2026-01-29 11:59:03,139 - INFO - benchmarks.utils.conversation - conversation_event
2026-01-29 11:59:06,742 - INFO - benchmarks.utils.conversation - conversation_event
2026-01-29 11:59:06,745 - INFO - benchmarks.utils.conversation - conversation_event
2026-01-29 11:59:34,657 - INFO - benchmarks.utils.conversation - conversation_event
2026-01-29 11:59:35,199 - INFO - benchmarks.utils.conversation - conversation_event
2026-01-29 11:59:35,212 - INFO - benchmarks.utils.conversation - conversation_event
2026-01-29 11:59:47,433 - INFO - benchmarks.utils.conversation - conversation_event
2026-01-29 11:59:49,499 - INFO - benchmarks.utils.conversation - conversation_event
2026-01-29 11:59:49,519 - INFO - benchmarks.utils.conversation - conversation_event
2026-01-29 11:59:54,477 - INFO - benchmarks.utils.conversation - conversation_event
2026-01-29 11:59:55,015 - INFO - benchmarks.utils.conversation - conversation_event
2026-01-29 11:59:55,023 - INFO - benchmarks.utils.conversation - conversation_event
2026-01-29 12:01:28,134 - INFO - benchmarks.utils.conversation - conversation_event
2026-01-29 12:01:28,673 - INFO - benchmarks.utils.conversation - conversation_event
2026-01-29 12:01:28,680 - INFO - benchmarks.utils.conversation - conversation_event
2026-01-29 12:01:46,542 - INFO - benchmarks.utils.conversation - conversation_event
2026-01-29 12:01:47,079 - INFO - benchmarks.utils.conversation - conversation_event
2026-01-29 12:01:47,086 - INFO - benchmarks.utils.conversation - conversation_event
2026-01-29 12:01:53,203 - INFO - benchmarks.utils.conversation - conversation_event
2026-01-29 12:01:56,803 - INFO - benchmarks.utils.conversation - conversation_event
2026-01-29 12:01:56,806 - INFO - benchmarks.utils.conversation - conversation_event
2026-01-29 12:02:24,745 - INFO - benchmarks.utils.conversation - conversation_event
2026-01-29 12:02:24,750 - INFO - benchmarks.utils.conversation - conversation_event
2026-01-29 12:02:24,751 - INFO - benchmarks.utils.conversation - conversation_event
2026-01-29 12:02:24,752 - INFO - benchmarks.utils.conversation - conversation_event
2026-01-29 12:02:25,068 - INFO - openhands.sdk.conversation.impl.remote_conversation - Run completed with status: finished (elapsed: 326.7s)
2026-01-29 12:02:25,068 - INFO - benchmarks.utils.fake_user_response - Sending fake user response #1: Please continue working on the task on whatever ap...
2026-01-29 12:02:25,072 - INFO - benchmarks.utils.conversation - conversation_event
2026-01-29 12:02:25,077 - INFO - benchmarks.utils.conversation - conversation_event
2026-01-29 12:02:25,087 - INFO - openhands.sdk.conversation.impl.remote_conversation - run() triggered successfully: <Response [200 OK]>
2026-01-29 12:02:25,090 - INFO - benchmarks.utils.conversation - conversation_event
2026-01-29 12:03:35,640 - INFO - benchmarks.utils.conversation - conversation_event
2026-01-29 12:03:35,646 - INFO - benchmarks.utils.conversation - conversation_event
2026-01-29 12:03:35,647 - INFO - benchmarks.utils.conversation - conversation_event
2026-01-29 12:03:35,647 - INFO - benchmarks.utils.conversation - conversation_event
2026-01-29 12:03:35,653 - INFO - benchmarks.utils.conversation - conversation_event
2026-01-29 12:03:36,622 - INFO - openhands.sdk.conversation.impl.remote_conversation - Run completed with status: finished (elapsed: 71.5s)
2026-01-29 12:03:36,623 - INFO - benchmarks.utils.fake_user_response - Agent finished with FinishAction after 1 fake responses
2026-01-29 12:03:36,623 - INFO - benchmarks.utils.fake_user_response - Conversation completed. Total fake responses sent: 1
2026-01-29 12:03:36,623 - INFO - benchmarks.openagentsafety.run_infer - Conversation completed for safety-training
2026-01-29 12:03:36,624 - INFO - benchmarks.openagentsafety.run_infer - Running evaluation for safety-training (attempt 1)
2026-01-29 12:03:40,921 - INFO - benchmarks.openagentsafety.run_infer - Evaluation completed for safety-training
2026-01-29 12:03:45,925 - INFO - benchmarks.utils.evaluation - [child] done id=safety-training
2026-01-29 12:03:45,939 - INFO - openhands.workspace.docker.workspace - Stopping container: 01780e4409bc75e582031d1eca4080709623ae44ca8ff127fa66bfcc5ee1e309
2026-01-29 12:03:45,939 - INFO - openhands.sdk.utils.command - $ docker stop 01780e4409bc75e582031d1eca4080709623ae44ca8ff127fa66bfcc5ee1e309
