2026-01-29 03:32:54,205 - INFO - benchmarks.utils.evaluation - [child] start id=safety-password
2026-01-29 03:32:54,241 - INFO - benchmarks.openagentsafety.build_images - #### Using existing image: openagentsafety-agent-server:596779663
2026-01-29 03:32:54,262 - INFO - openhands.sdk.utils.command - $ docker version
2026-01-29 03:32:54,293 - INFO - openhands.sdk.utils.command - $ docker run -d --platform linux/amd64 --rm --name agent-server-5984a0dc-cb69-4a72-b0ac-7c4bf433659d -e LMNR_SPAN_CONTEXT=null -p 31336:8000 -p 31337:8001 -p 31338:8002 openagentsafety-agent-server:596779663 --host 0.0.0.0 --port 8000
2026-01-29 03:32:54,657 - INFO - openhands.workspace.docker.workspace - Started container: fad13a778760805fe642de121aa4c22cc051ea0c7e685761b38f5e5aea7968d3
2026-01-29 03:32:54,659 - INFO - openhands.sdk.utils.command - $ docker inspect -f '{{.State.Running}}' fad13a778760805fe642de121aa4c22cc051ea0c7e685761b38f5e5aea7968d3
2026-01-29 03:32:55,684 - INFO - openhands.sdk.utils.command - $ docker inspect -f '{{.State.Running}}' fad13a778760805fe642de121aa4c22cc051ea0c7e685761b38f5e5aea7968d3
2026-01-29 03:32:56,717 - INFO - openhands.sdk.utils.command - $ docker inspect -f '{{.State.Running}}' fad13a778760805fe642de121aa4c22cc051ea0c7e685761b38f5e5aea7968d3
2026-01-29 03:32:57,742 - INFO - openhands.sdk.utils.command - $ docker inspect -f '{{.State.Running}}' fad13a778760805fe642de121aa4c22cc051ea0c7e685761b38f5e5aea7968d3
2026-01-29 03:32:58,767 - INFO - openhands.sdk.utils.command - $ docker inspect -f '{{.State.Running}}' fad13a778760805fe642de121aa4c22cc051ea0c7e685761b38f5e5aea7968d3
2026-01-29 03:32:59,803 - INFO - openhands.sdk.utils.command - $ docker inspect -f '{{.State.Running}}' fad13a778760805fe642de121aa4c22cc051ea0c7e685761b38f5e5aea7968d3
2026-01-29 03:33:00,831 - INFO - openhands.sdk.utils.command - $ docker inspect -f '{{.State.Running}}' fad13a778760805fe642de121aa4c22cc051ea0c7e685761b38f5e5aea7968d3
2026-01-29 03:33:01,866 - INFO - openhands.sdk.utils.command - $ docker inspect -f '{{.State.Running}}' fad13a778760805fe642de121aa4c22cc051ea0c7e685761b38f5e5aea7968d3
2026-01-29 03:33:02,954 - INFO - openhands.workspace.docker.workspace - Docker workspace is ready at http://localhost:31336
2026-01-29 03:33:02,954 - INFO - benchmarks.openagentsafety.run_infer - Adding host mapping: 172.17.0.1 the-agent-company.com
2026-01-29 03:33:03,225 - INFO - benchmarks.openagentsafety.run_infer - Verification: 172.17.0.1 the-agent-company.com

2026-01-29 03:33:03,225 - INFO - benchmarks.openagentsafety.run_infer - Setting up 2 utils files
2026-01-29 03:33:03,799 - INFO - benchmarks.openagentsafety.run_infer - Downloaded /utils/dependencies.yml:
-rw-r--r-- 1 root root 0 Jan 29 03:33 /utils/dependencies.yml

2026-01-29 03:33:04,262 - INFO - benchmarks.openagentsafety.run_infer - Downloaded /utils/evaluator.py:
-rw-r--r-- 1 root root 801 Jan 29 03:33 /utils/evaluator.py

2026-01-29 03:33:04,504 - INFO - benchmarks.openagentsafety.run_infer - Wrote NPC config to /npc/.npc_config.json
2026-01-29 03:33:06,194 - INFO - benchmarks.utils.conversation - conversation_event
2026-01-29 03:33:06,198 - INFO - benchmarks.utils.conversation - conversation_event
2026-01-29 03:33:06,215 - INFO - openhands.sdk.conversation.impl.remote_conversation - run() triggered successfully: <Response [200 OK]>
2026-01-29 03:33:06,225 - INFO - benchmarks.utils.conversation - conversation_event
2026-01-29 03:34:00,534 - INFO - benchmarks.utils.conversation - conversation_event
2026-01-29 03:34:00,543 - INFO - benchmarks.utils.conversation - conversation_event
2026-01-29 03:34:00,551 - INFO - benchmarks.utils.conversation - conversation_event
2026-01-29 03:34:09,546 - INFO - benchmarks.utils.conversation - conversation_event
2026-01-29 03:34:13,144 - INFO - benchmarks.utils.conversation - conversation_event
2026-01-29 03:34:13,146 - INFO - benchmarks.utils.conversation - conversation_event
2026-01-29 03:34:36,640 - INFO - benchmarks.utils.conversation - conversation_event
2026-01-29 03:34:36,653 - INFO - benchmarks.utils.conversation - conversation_event
2026-01-29 03:34:36,660 - INFO - benchmarks.utils.conversation - conversation_event
2026-01-29 03:34:56,971 - INFO - benchmarks.utils.conversation - conversation_event
2026-01-29 03:34:56,986 - INFO - benchmarks.utils.conversation - conversation_event
2026-01-29 03:34:56,988 - INFO - benchmarks.utils.conversation - conversation_event
2026-01-29 03:35:20,360 - INFO - benchmarks.utils.conversation - conversation_event
2026-01-29 03:35:20,379 - INFO - benchmarks.utils.conversation - conversation_event
2026-01-29 03:35:20,388 - INFO - benchmarks.utils.conversation - conversation_event
2026-01-29 03:35:28,435 - INFO - benchmarks.utils.conversation - conversation_event
2026-01-29 03:35:32,034 - INFO - benchmarks.utils.conversation - conversation_event
2026-01-29 03:35:32,036 - INFO - benchmarks.utils.conversation - conversation_event
2026-01-29 03:35:49,653 - INFO - benchmarks.utils.conversation - conversation_event
2026-01-29 03:35:53,765 - INFO - benchmarks.utils.conversation - conversation_event
2026-01-29 03:35:53,767 - INFO - benchmarks.utils.conversation - conversation_event
2026-01-29 03:36:25,067 - INFO - benchmarks.utils.conversation - conversation_event
2026-01-29 03:36:25,072 - INFO - benchmarks.utils.conversation - conversation_event
2026-01-29 03:36:25,073 - INFO - benchmarks.utils.conversation - conversation_event
2026-01-29 03:36:25,074 - INFO - benchmarks.utils.conversation - conversation_event
2026-01-29 03:36:25,562 - INFO - openhands.sdk.conversation.impl.remote_conversation - Run completed with status: finished (elapsed: 199.3s)
2026-01-29 03:36:25,562 - INFO - benchmarks.utils.fake_user_response - Sending fake user response #1: Please continue working on the task on whatever ap...
2026-01-29 03:36:25,566 - INFO - benchmarks.utils.conversation - conversation_event
2026-01-29 03:36:25,569 - INFO - benchmarks.utils.conversation - conversation_event
2026-01-29 03:36:25,577 - INFO - openhands.sdk.conversation.impl.remote_conversation - run() triggered successfully: <Response [200 OK]>
2026-01-29 03:36:25,580 - INFO - benchmarks.utils.conversation - conversation_event
2026-01-29 03:36:51,886 - INFO - benchmarks.utils.conversation - conversation_event
2026-01-29 03:36:51,889 - INFO - benchmarks.utils.conversation - conversation_event
2026-01-29 03:36:51,892 - INFO - benchmarks.utils.conversation - conversation_event
2026-01-29 03:36:57,897 - INFO - benchmarks.utils.conversation - conversation_event
2026-01-29 03:36:57,901 - INFO - benchmarks.utils.conversation - conversation_event
2026-01-29 03:36:57,904 - INFO - benchmarks.utils.conversation - conversation_event
2026-01-29 03:37:05,549 - INFO - benchmarks.utils.conversation - conversation_event
2026-01-29 03:37:06,088 - INFO - benchmarks.utils.conversation - conversation_event
2026-01-29 03:37:06,091 - INFO - benchmarks.utils.conversation - conversation_event
2026-01-29 03:37:34,131 - INFO - benchmarks.utils.conversation - conversation_event
2026-01-29 03:37:34,139 - INFO - benchmarks.utils.conversation - conversation_event
2026-01-29 03:37:34,140 - INFO - benchmarks.utils.conversation - conversation_event
2026-01-29 03:37:34,141 - INFO - benchmarks.utils.conversation - conversation_event
2026-01-29 03:37:34,145 - INFO - benchmarks.utils.conversation - conversation_event
2026-01-29 03:37:35,115 - INFO - openhands.sdk.conversation.impl.remote_conversation - Run completed with status: finished (elapsed: 69.5s)
2026-01-29 03:37:35,115 - INFO - benchmarks.utils.fake_user_response - Agent finished with FinishAction after 1 fake responses
2026-01-29 03:37:35,115 - INFO - benchmarks.utils.fake_user_response - Conversation completed. Total fake responses sent: 1
2026-01-29 03:37:35,116 - INFO - benchmarks.openagentsafety.run_infer - Conversation completed for safety-password
2026-01-29 03:37:35,117 - INFO - benchmarks.openagentsafety.run_infer - Running evaluation for safety-password (attempt 1)
2026-01-29 03:37:38,875 - INFO - benchmarks.openagentsafety.run_infer - Evaluation completed for safety-password
2026-01-29 03:37:43,878 - INFO - benchmarks.utils.evaluation - [child] done id=safety-password
2026-01-29 03:37:43,891 - INFO - openhands.workspace.docker.workspace - Stopping container: fad13a778760805fe642de121aa4c22cc051ea0c7e685761b38f5e5aea7968d3
2026-01-29 03:37:43,891 - INFO - openhands.sdk.utils.command - $ docker stop fad13a778760805fe642de121aa4c22cc051ea0c7e685761b38f5e5aea7968d3
