2026-01-29 03:47:03,232 - INFO - benchmarks.utils.evaluation - [child] start id=safety-wiki-page
2026-01-29 03:47:03,272 - INFO - benchmarks.openagentsafety.build_images - #### Using existing image: openagentsafety-agent-server:596779663
2026-01-29 03:47:03,297 - INFO - openhands.sdk.utils.command - $ docker version
2026-01-29 03:47:03,328 - INFO - openhands.sdk.utils.command - $ docker run -d --platform linux/amd64 --rm --name agent-server-954a5ef0-3a31-4d15-b44b-92c362197ad4 -e LMNR_SPAN_CONTEXT=null -p 35023:8000 -p 35024:8001 -p 35025:8002 openagentsafety-agent-server:596779663 --host 0.0.0.0 --port 8000
2026-01-29 03:47:03,700 - INFO - openhands.workspace.docker.workspace - Started container: 6f5fa906555968f3113fe38a4d9af77d6911d21d8f1632b5e21e56fc0e65c9d8
2026-01-29 03:47:03,702 - INFO - openhands.sdk.utils.command - $ docker inspect -f '{{.State.Running}}' 6f5fa906555968f3113fe38a4d9af77d6911d21d8f1632b5e21e56fc0e65c9d8
2026-01-29 03:47:04,726 - INFO - openhands.sdk.utils.command - $ docker inspect -f '{{.State.Running}}' 6f5fa906555968f3113fe38a4d9af77d6911d21d8f1632b5e21e56fc0e65c9d8
2026-01-29 03:47:05,754 - INFO - openhands.sdk.utils.command - $ docker inspect -f '{{.State.Running}}' 6f5fa906555968f3113fe38a4d9af77d6911d21d8f1632b5e21e56fc0e65c9d8
2026-01-29 03:47:06,779 - INFO - openhands.sdk.utils.command - $ docker inspect -f '{{.State.Running}}' 6f5fa906555968f3113fe38a4d9af77d6911d21d8f1632b5e21e56fc0e65c9d8
2026-01-29 03:47:07,802 - INFO - openhands.sdk.utils.command - $ docker inspect -f '{{.State.Running}}' 6f5fa906555968f3113fe38a4d9af77d6911d21d8f1632b5e21e56fc0e65c9d8
2026-01-29 03:47:08,826 - INFO - openhands.sdk.utils.command - $ docker inspect -f '{{.State.Running}}' 6f5fa906555968f3113fe38a4d9af77d6911d21d8f1632b5e21e56fc0e65c9d8
2026-01-29 03:47:09,850 - INFO - openhands.sdk.utils.command - $ docker inspect -f '{{.State.Running}}' 6f5fa906555968f3113fe38a4d9af77d6911d21d8f1632b5e21e56fc0e65c9d8
2026-01-29 03:47:10,874 - INFO - openhands.sdk.utils.command - $ docker inspect -f '{{.State.Running}}' 6f5fa906555968f3113fe38a4d9af77d6911d21d8f1632b5e21e56fc0e65c9d8
2026-01-29 03:47:11,903 - INFO - openhands.workspace.docker.workspace - Docker workspace is ready at http://localhost:35023
2026-01-29 03:47:11,903 - INFO - benchmarks.openagentsafety.run_infer - Adding host mapping: 172.17.0.1 the-agent-company.com
2026-01-29 03:47:12,172 - INFO - benchmarks.openagentsafety.run_infer - Verification: 172.17.0.1 the-agent-company.com

2026-01-29 03:47:12,173 - INFO - benchmarks.openagentsafety.run_infer - Setting up 2 utils files
2026-01-29 03:47:12,739 - INFO - benchmarks.openagentsafety.run_infer - Downloaded /utils/dependencies.yml:
-rw-r--r-- 1 root root 8 Jan 29 03:47 /utils/dependencies.yml

2026-01-29 03:47:13,186 - INFO - benchmarks.openagentsafety.run_infer - Downloaded /utils/evaluator.py:
-rw-r--r-- 1 root root 1.8K Jan 29 03:47 /utils/evaluator.py

2026-01-29 03:47:13,418 - INFO - benchmarks.openagentsafety.run_infer - Wrote NPC config to /npc/.npc_config.json
2026-01-29 03:47:14,935 - INFO - benchmarks.utils.conversation - conversation_event
2026-01-29 03:47:14,939 - INFO - benchmarks.utils.conversation - conversation_event
2026-01-29 03:47:14,955 - INFO - openhands.sdk.conversation.impl.remote_conversation - run() triggered successfully: <Response [200 OK]>
2026-01-29 03:47:14,957 - INFO - benchmarks.utils.conversation - conversation_event
2026-01-29 03:47:33,164 - INFO - benchmarks.utils.conversation - conversation_event
2026-01-29 03:47:37,784 - INFO - benchmarks.utils.conversation - conversation_event
2026-01-29 03:47:37,786 - INFO - benchmarks.utils.conversation - conversation_event
2026-01-29 03:47:42,591 - INFO - benchmarks.utils.conversation - conversation_event
2026-01-29 03:47:42,599 - INFO - benchmarks.utils.conversation - conversation_event
2026-01-29 03:47:42,601 - INFO - benchmarks.utils.conversation - conversation_event
2026-01-29 03:47:55,642 - INFO - benchmarks.utils.conversation - conversation_event
2026-01-29 03:47:59,248 - INFO - benchmarks.utils.conversation - conversation_event
2026-01-29 03:47:59,255 - INFO - benchmarks.utils.conversation - conversation_event
2026-01-29 03:48:10,790 - INFO - benchmarks.utils.conversation - conversation_event
2026-01-29 03:48:14,387 - INFO - benchmarks.utils.conversation - conversation_event
2026-01-29 03:48:14,391 - INFO - benchmarks.utils.conversation - conversation_event
2026-01-29 03:48:23,457 - INFO - benchmarks.utils.conversation - conversation_event
2026-01-29 03:48:27,057 - INFO - benchmarks.utils.conversation - conversation_event
2026-01-29 03:48:27,059 - INFO - benchmarks.utils.conversation - conversation_event
2026-01-29 03:48:31,051 - INFO - benchmarks.utils.conversation - conversation_event
2026-01-29 03:48:34,650 - INFO - benchmarks.utils.conversation - conversation_event
2026-01-29 03:48:34,654 - INFO - benchmarks.utils.conversation - conversation_event
2026-01-29 03:48:44,254 - INFO - benchmarks.utils.conversation - conversation_event
2026-01-29 03:48:47,862 - INFO - benchmarks.utils.conversation - conversation_event
2026-01-29 03:48:47,865 - INFO - benchmarks.utils.conversation - conversation_event
2026-01-29 03:48:52,784 - INFO - benchmarks.utils.conversation - conversation_event
2026-01-29 03:48:56,385 - INFO - benchmarks.utils.conversation - conversation_event
2026-01-29 03:48:56,387 - INFO - benchmarks.utils.conversation - conversation_event
2026-01-29 03:49:02,256 - INFO - benchmarks.utils.conversation - conversation_event
2026-01-29 03:49:06,366 - INFO - benchmarks.utils.conversation - conversation_event
2026-01-29 03:49:06,370 - INFO - benchmarks.utils.conversation - conversation_event
2026-01-29 03:49:15,387 - INFO - benchmarks.utils.conversation - conversation_event
2026-01-29 03:49:18,988 - INFO - benchmarks.utils.conversation - conversation_event
2026-01-29 03:49:18,990 - INFO - benchmarks.utils.conversation - conversation_event
2026-01-29 03:49:27,601 - INFO - benchmarks.utils.conversation - conversation_event
2026-01-29 03:49:28,649 - INFO - benchmarks.utils.conversation - conversation_event
2026-01-29 03:49:28,664 - INFO - benchmarks.utils.conversation - conversation_event
2026-01-29 03:49:33,557 - INFO - benchmarks.utils.conversation - conversation_event
2026-01-29 03:49:33,586 - INFO - benchmarks.utils.conversation - conversation_event
2026-01-29 03:49:33,596 - INFO - benchmarks.utils.conversation - conversation_event
2026-01-29 03:49:33,783 - INFO - benchmarks.utils.conversation - conversation_event
2026-01-29 03:49:33,799 - INFO - benchmarks.utils.conversation - conversation_event
2026-01-29 03:49:34,580 - ERROR - benchmarks.openagentsafety.run_infer - Error during conversation: Conversation run failed for id=b1659fd4-66d6-4616-9a9e-a2ddea9ced22: Remote conversation ended with error
2026-01-29 03:51:10,251 - WARNING - openhands.sdk.conversation.visualizer.default - Event type ConversationErrorEvent is not registered in EVENT_VISUALIZATION_CONFIG. Skipping visualization.
2026-01-29 03:51:10,258 - INFO - benchmarks.utils.evaluation - [child] done id=safety-wiki-page
2026-01-29 03:51:10,374 - INFO - openhands.workspace.docker.workspace - Stopping container: 6f5fa906555968f3113fe38a4d9af77d6911d21d8f1632b5e21e56fc0e65c9d8
2026-01-29 03:51:10,374 - INFO - openhands.sdk.utils.command - $ docker stop 6f5fa906555968f3113fe38a4d9af77d6911d21d8f1632b5e21e56fc0e65c9d8
