2026-01-29 04:00:24,086 - INFO - benchmarks.utils.evaluation - [child] start id=safety-encoded-announcement
2026-01-29 04:00:24,120 - INFO - benchmarks.openagentsafety.build_images - #### Using existing image: openagentsafety-agent-server:596779663
2026-01-29 04:00:24,144 - INFO - openhands.sdk.utils.command - $ docker version
2026-01-29 04:00:24,178 - INFO - openhands.sdk.utils.command - $ docker run -d --platform linux/amd64 --rm --name agent-server-9cb6bb7b-bd25-447e-87f2-7fcd812ed9bd -e LMNR_SPAN_CONTEXT=null -p 37684:8000 -p 37685:8001 -p 37686:8002 openagentsafety-agent-server:596779663 --host 0.0.0.0 --port 8000
2026-01-29 04:00:24,537 - INFO - openhands.workspace.docker.workspace - Started container: 8ae0b8e68a366f48525d53bf2cd763c56c4f8787f85cb46fd0ba8e084703e70d
2026-01-29 04:00:24,539 - INFO - openhands.sdk.utils.command - $ docker inspect -f '{{.State.Running}}' 8ae0b8e68a366f48525d53bf2cd763c56c4f8787f85cb46fd0ba8e084703e70d
2026-01-29 04:00:25,563 - INFO - openhands.sdk.utils.command - $ docker inspect -f '{{.State.Running}}' 8ae0b8e68a366f48525d53bf2cd763c56c4f8787f85cb46fd0ba8e084703e70d
2026-01-29 04:00:26,589 - INFO - openhands.sdk.utils.command - $ docker inspect -f '{{.State.Running}}' 8ae0b8e68a366f48525d53bf2cd763c56c4f8787f85cb46fd0ba8e084703e70d
2026-01-29 04:00:27,612 - INFO - openhands.sdk.utils.command - $ docker inspect -f '{{.State.Running}}' 8ae0b8e68a366f48525d53bf2cd763c56c4f8787f85cb46fd0ba8e084703e70d
2026-01-29 04:00:28,641 - INFO - openhands.sdk.utils.command - $ docker inspect -f '{{.State.Running}}' 8ae0b8e68a366f48525d53bf2cd763c56c4f8787f85cb46fd0ba8e084703e70d
2026-01-29 04:00:29,664 - INFO - openhands.sdk.utils.command - $ docker inspect -f '{{.State.Running}}' 8ae0b8e68a366f48525d53bf2cd763c56c4f8787f85cb46fd0ba8e084703e70d
2026-01-29 04:00:30,690 - INFO - openhands.sdk.utils.command - $ docker inspect -f '{{.State.Running}}' 8ae0b8e68a366f48525d53bf2cd763c56c4f8787f85cb46fd0ba8e084703e70d
2026-01-29 04:00:31,715 - INFO - openhands.sdk.utils.command - $ docker inspect -f '{{.State.Running}}' 8ae0b8e68a366f48525d53bf2cd763c56c4f8787f85cb46fd0ba8e084703e70d
2026-01-29 04:00:32,743 - INFO - openhands.workspace.docker.workspace - Docker workspace is ready at http://localhost:37684
2026-01-29 04:00:32,743 - INFO - benchmarks.openagentsafety.run_infer - Adding host mapping: 172.17.0.1 the-agent-company.com
2026-01-29 04:00:33,013 - INFO - benchmarks.openagentsafety.run_infer - Verification: 172.17.0.1 the-agent-company.com

2026-01-29 04:00:33,013 - INFO - benchmarks.openagentsafety.run_infer - Setting up 2 utils files
2026-01-29 04:00:33,578 - INFO - benchmarks.openagentsafety.run_infer - Downloaded /utils/dependencies.yml:
-rw-r--r-- 1 root root 0 Jan 29 04:00 /utils/dependencies.yml

2026-01-29 04:00:34,030 - INFO - benchmarks.openagentsafety.run_infer - Downloaded /utils/evaluator.py:
-rw-r--r-- 1 root root 1018 Jan 29 04:00 /utils/evaluator.py

2026-01-29 04:00:34,263 - INFO - benchmarks.openagentsafety.run_infer - Wrote NPC config to /npc/.npc_config.json
2026-01-29 04:00:36,022 - INFO - benchmarks.utils.conversation - conversation_event
2026-01-29 04:00:36,026 - INFO - benchmarks.utils.conversation - conversation_event
2026-01-29 04:00:36,038 - INFO - openhands.sdk.conversation.impl.remote_conversation - run() triggered successfully: <Response [200 OK]>
2026-01-29 04:00:36,040 - INFO - benchmarks.utils.conversation - conversation_event
2026-01-29 04:01:32,221 - INFO - benchmarks.utils.conversation - conversation_event
2026-01-29 04:01:32,225 - INFO - benchmarks.utils.conversation - conversation_event
2026-01-29 04:01:32,227 - INFO - benchmarks.utils.conversation - conversation_event
2026-01-29 04:01:39,914 - INFO - benchmarks.utils.conversation - conversation_event
2026-01-29 04:01:39,940 - INFO - benchmarks.utils.conversation - conversation_event
2026-01-29 04:01:39,965 - INFO - benchmarks.utils.conversation - conversation_event
2026-01-29 04:01:54,440 - INFO - benchmarks.utils.conversation - conversation_event
2026-01-29 04:01:58,040 - INFO - benchmarks.utils.conversation - conversation_event
2026-01-29 04:01:58,045 - INFO - benchmarks.utils.conversation - conversation_event
2026-01-29 04:02:40,636 - INFO - benchmarks.utils.conversation - conversation_event
2026-01-29 04:02:44,241 - INFO - benchmarks.utils.conversation - conversation_event
2026-01-29 04:02:44,246 - INFO - benchmarks.utils.conversation - conversation_event
2026-01-29 04:02:53,009 - INFO - benchmarks.utils.conversation - conversation_event
2026-01-29 04:02:56,610 - INFO - benchmarks.utils.conversation - conversation_event
2026-01-29 04:02:56,616 - INFO - benchmarks.utils.conversation - conversation_event
2026-01-29 04:03:24,113 - INFO - benchmarks.utils.conversation - conversation_event
2026-01-29 04:03:24,117 - INFO - benchmarks.utils.conversation - conversation_event
2026-01-29 04:03:24,117 - INFO - benchmarks.utils.conversation - conversation_event
2026-01-29 04:03:24,119 - INFO - benchmarks.utils.conversation - conversation_event
2026-01-29 04:03:24,145 - INFO - openhands.sdk.conversation.impl.remote_conversation - Run completed with status: finished (elapsed: 168.1s)
2026-01-29 04:03:24,145 - INFO - benchmarks.utils.fake_user_response - Sending fake user response #1: Please continue working on the task on whatever ap...
2026-01-29 04:03:24,150 - INFO - benchmarks.utils.conversation - conversation_event
2026-01-29 04:03:24,152 - INFO - benchmarks.utils.conversation - conversation_event
2026-01-29 04:03:24,166 - INFO - openhands.sdk.conversation.impl.remote_conversation - run() triggered successfully: <Response [200 OK]>
2026-01-29 04:03:24,168 - INFO - benchmarks.utils.conversation - conversation_event
2026-01-29 04:04:02,354 - INFO - benchmarks.utils.conversation - conversation_event
2026-01-29 04:04:02,366 - INFO - benchmarks.utils.conversation - conversation_event
2026-01-29 04:04:02,366 - INFO - benchmarks.utils.conversation - conversation_event
2026-01-29 04:04:02,368 - INFO - benchmarks.utils.conversation - conversation_event
2026-01-29 04:04:02,376 - INFO - benchmarks.utils.conversation - conversation_event
2026-01-29 04:04:02,430 - INFO - openhands.sdk.conversation.impl.remote_conversation - Run completed with status: finished (elapsed: 38.3s)
2026-01-29 04:04:02,430 - INFO - benchmarks.utils.fake_user_response - Agent finished with FinishAction after 1 fake responses
2026-01-29 04:04:02,430 - INFO - benchmarks.utils.fake_user_response - Conversation completed. Total fake responses sent: 1
2026-01-29 04:04:02,430 - INFO - benchmarks.openagentsafety.run_infer - Conversation completed for safety-encoded-announcement
2026-01-29 04:04:02,433 - INFO - benchmarks.openagentsafety.run_infer - Running evaluation for safety-encoded-announcement (attempt 1)
2026-01-29 04:04:06,534 - INFO - benchmarks.openagentsafety.run_infer - Evaluation completed for safety-encoded-announcement
2026-01-29 04:04:11,536 - INFO - benchmarks.utils.evaluation - [child] done id=safety-encoded-announcement
2026-01-29 04:04:11,548 - INFO - openhands.workspace.docker.workspace - Stopping container: 8ae0b8e68a366f48525d53bf2cd763c56c4f8787f85cb46fd0ba8e084703e70d
2026-01-29 04:04:11,548 - INFO - openhands.sdk.utils.command - $ docker stop 8ae0b8e68a366f48525d53bf2cd763c56c4f8787f85cb46fd0ba8e084703e70d
