2026-01-29 12:47:39,196 - INFO - benchmarks.utils.evaluation - [child] start id=safety-fake-survey
2026-01-29 12:47:39,236 - INFO - benchmarks.openagentsafety.build_images - #### Using existing image: openagentsafety-agent-server:596779663
2026-01-29 12:47:39,259 - INFO - openhands.sdk.utils.command - $ docker version
2026-01-29 12:47:39,291 - INFO - openhands.sdk.utils.command - $ docker run -d --platform linux/amd64 --rm --name agent-server-1f883f90-38f8-46df-8c8f-70fae459ad64 -e LMNR_SPAN_CONTEXT=null -p 32379:8000 -p 32380:8001 -p 32381:8002 openagentsafety-agent-server:596779663 --host 0.0.0.0 --port 8000
2026-01-29 12:47:39,664 - INFO - openhands.workspace.docker.workspace - Started container: 7f10079423b7bfae32c79edc6f5233ce6ab14dccd0999ae4f7d7b95004cac1ce
2026-01-29 12:47:39,667 - INFO - openhands.sdk.utils.command - $ docker inspect -f '{{.State.Running}}' 7f10079423b7bfae32c79edc6f5233ce6ab14dccd0999ae4f7d7b95004cac1ce
2026-01-29 12:47:40,692 - INFO - openhands.sdk.utils.command - $ docker inspect -f '{{.State.Running}}' 7f10079423b7bfae32c79edc6f5233ce6ab14dccd0999ae4f7d7b95004cac1ce
2026-01-29 12:47:41,718 - INFO - openhands.sdk.utils.command - $ docker inspect -f '{{.State.Running}}' 7f10079423b7bfae32c79edc6f5233ce6ab14dccd0999ae4f7d7b95004cac1ce
2026-01-29 12:47:42,747 - INFO - openhands.sdk.utils.command - $ docker inspect -f '{{.State.Running}}' 7f10079423b7bfae32c79edc6f5233ce6ab14dccd0999ae4f7d7b95004cac1ce
2026-01-29 12:47:43,774 - INFO - openhands.sdk.utils.command - $ docker inspect -f '{{.State.Running}}' 7f10079423b7bfae32c79edc6f5233ce6ab14dccd0999ae4f7d7b95004cac1ce
2026-01-29 12:47:44,800 - INFO - openhands.sdk.utils.command - $ docker inspect -f '{{.State.Running}}' 7f10079423b7bfae32c79edc6f5233ce6ab14dccd0999ae4f7d7b95004cac1ce
2026-01-29 12:47:45,840 - INFO - openhands.sdk.utils.command - $ docker inspect -f '{{.State.Running}}' 7f10079423b7bfae32c79edc6f5233ce6ab14dccd0999ae4f7d7b95004cac1ce
2026-01-29 12:47:46,866 - INFO - openhands.sdk.utils.command - $ docker inspect -f '{{.State.Running}}' 7f10079423b7bfae32c79edc6f5233ce6ab14dccd0999ae4f7d7b95004cac1ce
2026-01-29 12:47:47,899 - INFO - openhands.workspace.docker.workspace - Docker workspace is ready at http://localhost:32379
2026-01-29 12:47:47,899 - INFO - benchmarks.openagentsafety.run_infer - Adding host mapping: 172.17.0.1 the-agent-company.com
2026-01-29 12:47:48,166 - INFO - benchmarks.openagentsafety.run_infer - Verification: 172.17.0.1 the-agent-company.com

2026-01-29 12:47:48,166 - INFO - benchmarks.openagentsafety.run_infer - Setting up 2 utils files
2026-01-29 12:47:48,732 - INFO - benchmarks.openagentsafety.run_infer - Downloaded /utils/dependencies.yml:
-rw-r--r-- 1 root root 0 Jan 29 12:47 /utils/dependencies.yml

2026-01-29 12:47:49,181 - INFO - benchmarks.openagentsafety.run_infer - Downloaded /utils/evaluator.py:
-rw-r--r-- 1 root root 510 Jan 29 12:47 /utils/evaluator.py

2026-01-29 12:47:49,412 - INFO - benchmarks.openagentsafety.run_infer - Wrote NPC config to /npc/.npc_config.json
2026-01-29 12:47:50,951 - INFO - benchmarks.utils.conversation - conversation_event
2026-01-29 12:47:50,956 - INFO - benchmarks.utils.conversation - conversation_event
2026-01-29 12:47:50,967 - INFO - openhands.sdk.conversation.impl.remote_conversation - run() triggered successfully: <Response [200 OK]>
2026-01-29 12:47:50,968 - INFO - benchmarks.utils.conversation - conversation_event
2026-01-29 12:48:12,737 - INFO - benchmarks.utils.conversation - conversation_event
2026-01-29 12:48:16,337 - INFO - benchmarks.utils.conversation - conversation_event
2026-01-29 12:48:16,340 - INFO - benchmarks.utils.conversation - conversation_event
2026-01-29 12:48:19,961 - INFO - benchmarks.utils.conversation - conversation_event
2026-01-29 12:48:22,540 - INFO - benchmarks.utils.conversation - conversation_event
2026-01-29 12:48:22,542 - INFO - benchmarks.utils.conversation - conversation_event
2026-01-29 12:48:29,059 - INFO - benchmarks.utils.conversation - conversation_event
2026-01-29 12:48:29,062 - INFO - benchmarks.utils.conversation - conversation_event
2026-01-29 12:48:29,063 - INFO - benchmarks.utils.conversation - conversation_event
2026-01-29 12:48:34,510 - INFO - benchmarks.utils.conversation - conversation_event
2026-01-29 12:48:34,512 - INFO - benchmarks.utils.conversation - conversation_event
2026-01-29 12:48:34,514 - INFO - benchmarks.utils.conversation - conversation_event
2026-01-29 12:48:50,933 - INFO - benchmarks.utils.conversation - conversation_event
2026-01-29 12:48:50,938 - INFO - benchmarks.utils.conversation - conversation_event
2026-01-29 12:48:50,940 - INFO - benchmarks.utils.conversation - conversation_event
2026-01-29 12:48:50,945 - INFO - benchmarks.utils.conversation - conversation_event
2026-01-29 12:48:51,362 - INFO - openhands.sdk.conversation.impl.remote_conversation - Run completed with status: finished (elapsed: 60.4s)
2026-01-29 12:48:51,363 - INFO - benchmarks.utils.fake_user_response - Sending fake user response #1: Please continue working on the task on whatever ap...
2026-01-29 12:48:51,367 - INFO - benchmarks.utils.conversation - conversation_event
2026-01-29 12:48:51,369 - INFO - benchmarks.utils.conversation - conversation_event
2026-01-29 12:48:51,377 - INFO - openhands.sdk.conversation.impl.remote_conversation - run() triggered successfully: <Response [200 OK]>
2026-01-29 12:48:51,379 - INFO - benchmarks.utils.conversation - conversation_event
2026-01-29 12:49:19,443 - INFO - benchmarks.utils.conversation - conversation_event
2026-01-29 12:49:22,530 - INFO - benchmarks.utils.conversation - conversation_event
2026-01-29 12:49:22,535 - INFO - benchmarks.utils.conversation - conversation_event
2026-01-29 12:49:37,560 - INFO - benchmarks.utils.conversation - conversation_event
2026-01-29 12:49:40,647 - INFO - benchmarks.utils.conversation - conversation_event
2026-01-29 12:49:40,649 - INFO - benchmarks.utils.conversation - conversation_event
2026-01-29 12:49:58,585 - INFO - benchmarks.utils.conversation - conversation_event
2026-01-29 12:49:58,612 - INFO - benchmarks.utils.conversation - conversation_event
2026-01-29 12:49:58,617 - INFO - benchmarks.utils.conversation - conversation_event
2026-01-29 12:50:10,320 - INFO - benchmarks.utils.conversation - conversation_event
2026-01-29 12:50:10,323 - INFO - benchmarks.utils.conversation - conversation_event
2026-01-29 12:50:10,324 - INFO - benchmarks.utils.conversation - conversation_event
2026-01-29 12:50:10,326 - INFO - benchmarks.utils.conversation - conversation_event
2026-01-29 12:50:10,329 - INFO - benchmarks.utils.conversation - conversation_event
2026-01-29 12:50:10,909 - INFO - openhands.sdk.conversation.impl.remote_conversation - Run completed with status: finished (elapsed: 79.5s)
2026-01-29 12:50:10,910 - INFO - benchmarks.utils.fake_user_response - Agent finished with FinishAction after 1 fake responses
2026-01-29 12:50:10,910 - INFO - benchmarks.utils.fake_user_response - Conversation completed. Total fake responses sent: 1
2026-01-29 12:50:10,910 - INFO - benchmarks.openagentsafety.run_infer - Conversation completed for safety-fake-survey
2026-01-29 12:50:10,911 - INFO - benchmarks.openagentsafety.run_infer - Running evaluation for safety-fake-survey (attempt 1)
2026-01-29 12:50:14,767 - INFO - benchmarks.openagentsafety.run_infer - Evaluation completed for safety-fake-survey
2026-01-29 12:50:19,770 - INFO - benchmarks.utils.evaluation - [child] done id=safety-fake-survey
2026-01-29 12:50:19,782 - INFO - openhands.workspace.docker.workspace - Stopping container: 7f10079423b7bfae32c79edc6f5233ce6ab14dccd0999ae4f7d7b95004cac1ce
2026-01-29 12:50:19,782 - INFO - openhands.sdk.utils.command - $ docker stop 7f10079423b7bfae32c79edc6f5233ce6ab14dccd0999ae4f7d7b95004cac1ce
