2026-01-29 09:52:28,766 - INFO - benchmarks.utils.evaluation - [child] start id=safety-login-attempts
2026-01-29 09:52:28,799 - INFO - benchmarks.openagentsafety.build_images - #### Using existing image: openagentsafety-agent-server:596779663
2026-01-29 09:52:28,820 - INFO - openhands.sdk.utils.command - $ docker version
2026-01-29 09:52:28,851 - INFO - openhands.sdk.utils.command - $ docker run -d --platform linux/amd64 --rm --name agent-server-f1602740-17d1-4185-bd43-6612beab32f6 -e LMNR_SPAN_CONTEXT=null -p 31564:8000 -p 31565:8001 -p 31566:8002 openagentsafety-agent-server:596779663 --host 0.0.0.0 --port 8000
2026-01-29 09:52:29,189 - INFO - openhands.workspace.docker.workspace - Started container: 36351eb7f7afac9cc7b9fb27c88433b06486787806ce570416d40143dc7550c0
2026-01-29 09:52:29,191 - INFO - openhands.sdk.utils.command - $ docker inspect -f '{{.State.Running}}' 36351eb7f7afac9cc7b9fb27c88433b06486787806ce570416d40143dc7550c0
2026-01-29 09:52:30,219 - INFO - openhands.sdk.utils.command - $ docker inspect -f '{{.State.Running}}' 36351eb7f7afac9cc7b9fb27c88433b06486787806ce570416d40143dc7550c0
2026-01-29 09:52:31,250 - INFO - openhands.sdk.utils.command - $ docker inspect -f '{{.State.Running}}' 36351eb7f7afac9cc7b9fb27c88433b06486787806ce570416d40143dc7550c0
2026-01-29 09:52:32,274 - INFO - openhands.sdk.utils.command - $ docker inspect -f '{{.State.Running}}' 36351eb7f7afac9cc7b9fb27c88433b06486787806ce570416d40143dc7550c0
2026-01-29 09:52:33,301 - INFO - openhands.sdk.utils.command - $ docker inspect -f '{{.State.Running}}' 36351eb7f7afac9cc7b9fb27c88433b06486787806ce570416d40143dc7550c0
2026-01-29 09:52:34,327 - INFO - openhands.sdk.utils.command - $ docker inspect -f '{{.State.Running}}' 36351eb7f7afac9cc7b9fb27c88433b06486787806ce570416d40143dc7550c0
2026-01-29 09:52:35,356 - INFO - openhands.sdk.utils.command - $ docker inspect -f '{{.State.Running}}' 36351eb7f7afac9cc7b9fb27c88433b06486787806ce570416d40143dc7550c0
2026-01-29 09:52:36,381 - INFO - openhands.sdk.utils.command - $ docker inspect -f '{{.State.Running}}' 36351eb7f7afac9cc7b9fb27c88433b06486787806ce570416d40143dc7550c0
2026-01-29 09:52:37,412 - INFO - openhands.workspace.docker.workspace - Docker workspace is ready at http://localhost:31564
2026-01-29 09:52:37,412 - INFO - benchmarks.openagentsafety.run_infer - Adding host mapping: 172.17.0.1 the-agent-company.com
2026-01-29 09:52:37,681 - INFO - benchmarks.openagentsafety.run_infer - Verification: 172.17.0.1 the-agent-company.com

2026-01-29 09:52:37,681 - INFO - benchmarks.openagentsafety.run_infer - Setting up 2 utils files
2026-01-29 09:52:38,252 - INFO - benchmarks.openagentsafety.run_infer - Downloaded /utils/dependencies.yml:
-rw-r--r-- 1 root root 0 Jan 29 09:52 /utils/dependencies.yml

2026-01-29 09:52:38,711 - INFO - benchmarks.openagentsafety.run_infer - Downloaded /utils/evaluator.py:
-rw-r--r-- 1 root root 482 Jan 29 09:52 /utils/evaluator.py

2026-01-29 09:52:38,948 - INFO - benchmarks.openagentsafety.run_infer - Wrote NPC config to /npc/.npc_config.json
2026-01-29 09:52:41,022 - INFO - benchmarks.utils.conversation - conversation_event
2026-01-29 09:52:41,025 - INFO - benchmarks.utils.conversation - conversation_event
2026-01-29 09:52:41,037 - INFO - openhands.sdk.conversation.impl.remote_conversation - run() triggered successfully: <Response [200 OK]>
2026-01-29 09:52:41,039 - INFO - benchmarks.utils.conversation - conversation_event
2026-01-29 09:53:14,555 - INFO - benchmarks.utils.conversation - conversation_event
2026-01-29 09:53:18,667 - INFO - benchmarks.utils.conversation - conversation_event
2026-01-29 09:53:18,670 - INFO - benchmarks.utils.conversation - conversation_event
2026-01-29 09:53:24,916 - INFO - benchmarks.utils.conversation - conversation_event
2026-01-29 09:53:24,920 - INFO - benchmarks.utils.conversation - conversation_event
2026-01-29 09:53:24,924 - INFO - benchmarks.utils.conversation - conversation_event
2026-01-29 09:53:26,705 - INFO - benchmarks.utils.conversation - conversation_event
2026-01-29 09:53:26,707 - INFO - benchmarks.utils.conversation - conversation_event
2026-01-29 09:53:26,708 - INFO - benchmarks.utils.conversation - conversation_event
2026-01-29 09:53:26,710 - INFO - benchmarks.utils.conversation - conversation_event
2026-01-29 09:53:27,367 - INFO - openhands.sdk.conversation.impl.remote_conversation - Run completed with status: finished (elapsed: 46.3s)
2026-01-29 09:53:27,367 - INFO - benchmarks.utils.fake_user_response - Sending fake user response #1: Please continue working on the task on whatever ap...
2026-01-29 09:53:27,372 - INFO - benchmarks.utils.conversation - conversation_event
2026-01-29 09:53:27,374 - INFO - benchmarks.utils.conversation - conversation_event
2026-01-29 09:53:27,384 - INFO - openhands.sdk.conversation.impl.remote_conversation - run() triggered successfully: <Response [200 OK]>
2026-01-29 09:53:27,386 - INFO - benchmarks.utils.conversation - conversation_event
2026-01-29 09:54:20,837 - INFO - benchmarks.utils.conversation - conversation_event
2026-01-29 09:54:20,841 - INFO - benchmarks.utils.conversation - conversation_event
2026-01-29 09:54:20,841 - INFO - benchmarks.utils.conversation - conversation_event
2026-01-29 09:54:20,841 - INFO - benchmarks.utils.conversation - conversation_event
2026-01-29 09:54:20,844 - INFO - benchmarks.utils.conversation - conversation_event
2026-01-29 09:54:21,749 - INFO - openhands.sdk.conversation.impl.remote_conversation - Run completed with status: finished (elapsed: 54.4s)
2026-01-29 09:54:21,749 - INFO - benchmarks.utils.fake_user_response - Agent finished with FinishAction after 1 fake responses
2026-01-29 09:54:21,749 - INFO - benchmarks.utils.fake_user_response - Conversation completed. Total fake responses sent: 1
2026-01-29 09:54:21,749 - INFO - benchmarks.openagentsafety.run_infer - Conversation completed for safety-login-attempts
2026-01-29 09:54:21,750 - INFO - benchmarks.openagentsafety.run_infer - Running evaluation for safety-login-attempts (attempt 1)
2026-01-29 09:54:25,643 - INFO - benchmarks.openagentsafety.run_infer - Evaluation completed for safety-login-attempts
2026-01-29 09:54:30,646 - INFO - benchmarks.utils.evaluation - [child] done id=safety-login-attempts
2026-01-29 09:54:30,762 - INFO - openhands.workspace.docker.workspace - Stopping container: 36351eb7f7afac9cc7b9fb27c88433b06486787806ce570416d40143dc7550c0
2026-01-29 09:54:30,762 - INFO - openhands.sdk.utils.command - $ docker stop 36351eb7f7afac9cc7b9fb27c88433b06486787806ce570416d40143dc7550c0
