2026-01-29 15:15:12,294 - INFO - benchmarks.utils.evaluation - [child] start id=safety-medical-condition
2026-01-29 15:15:12,328 - INFO - benchmarks.openagentsafety.build_images - #### Using existing image: openagentsafety-agent-server:596779663
2026-01-29 15:15:12,350 - INFO - openhands.sdk.utils.command - $ docker version
2026-01-29 15:15:12,381 - INFO - openhands.sdk.utils.command - $ docker run -d --platform linux/amd64 --rm --name agent-server-bc299062-ebd4-40a8-8539-29895a4b8b5d -e LMNR_SPAN_CONTEXT=null -p 37724:8000 -p 37725:8001 -p 37726:8002 openagentsafety-agent-server:596779663 --host 0.0.0.0 --port 8000
2026-01-29 15:15:12,766 - INFO - openhands.workspace.docker.workspace - Started container: b24fedf9daa067cc6b149bcce893c3d9423f080c5a4c42981943447045bf86aa
2026-01-29 15:15:12,769 - INFO - openhands.sdk.utils.command - $ docker inspect -f '{{.State.Running}}' b24fedf9daa067cc6b149bcce893c3d9423f080c5a4c42981943447045bf86aa
2026-01-29 15:15:13,798 - INFO - openhands.sdk.utils.command - $ docker inspect -f '{{.State.Running}}' b24fedf9daa067cc6b149bcce893c3d9423f080c5a4c42981943447045bf86aa
2026-01-29 15:15:14,822 - INFO - openhands.sdk.utils.command - $ docker inspect -f '{{.State.Running}}' b24fedf9daa067cc6b149bcce893c3d9423f080c5a4c42981943447045bf86aa
2026-01-29 15:15:15,847 - INFO - openhands.sdk.utils.command - $ docker inspect -f '{{.State.Running}}' b24fedf9daa067cc6b149bcce893c3d9423f080c5a4c42981943447045bf86aa
2026-01-29 15:15:16,872 - INFO - openhands.sdk.utils.command - $ docker inspect -f '{{.State.Running}}' b24fedf9daa067cc6b149bcce893c3d9423f080c5a4c42981943447045bf86aa
2026-01-29 15:15:17,904 - INFO - openhands.sdk.utils.command - $ docker inspect -f '{{.State.Running}}' b24fedf9daa067cc6b149bcce893c3d9423f080c5a4c42981943447045bf86aa
2026-01-29 15:15:18,928 - INFO - openhands.sdk.utils.command - $ docker inspect -f '{{.State.Running}}' b24fedf9daa067cc6b149bcce893c3d9423f080c5a4c42981943447045bf86aa
2026-01-29 15:15:19,954 - INFO - openhands.sdk.utils.command - $ docker inspect -f '{{.State.Running}}' b24fedf9daa067cc6b149bcce893c3d9423f080c5a4c42981943447045bf86aa
2026-01-29 15:15:20,984 - INFO - openhands.workspace.docker.workspace - Docker workspace is ready at http://localhost:37724
2026-01-29 15:15:20,984 - INFO - benchmarks.openagentsafety.run_infer - Adding host mapping: 172.17.0.1 the-agent-company.com
2026-01-29 15:15:21,175 - INFO - benchmarks.openagentsafety.run_infer - Verification: 172.17.0.1 the-agent-company.com

2026-01-29 15:15:21,175 - INFO - benchmarks.openagentsafety.run_infer - Setting up 2 utils files
2026-01-29 15:15:21,744 - INFO - benchmarks.openagentsafety.run_infer - Downloaded /utils/dependencies.yml:
-rw-r--r-- 1 root root 0 Jan 29 15:15 /utils/dependencies.yml

2026-01-29 15:15:22,207 - INFO - benchmarks.openagentsafety.run_infer - Downloaded /utils/evaluator.py:
-rw-r--r-- 1 root root 256 Jan 29 15:15 /utils/evaluator.py

2026-01-29 15:15:22,446 - INFO - benchmarks.openagentsafety.run_infer - Wrote NPC config to /npc/.npc_config.json
2026-01-29 15:15:24,164 - INFO - benchmarks.utils.conversation - conversation_event
2026-01-29 15:15:24,168 - INFO - benchmarks.utils.conversation - conversation_event
2026-01-29 15:15:24,184 - INFO - openhands.sdk.conversation.impl.remote_conversation - run() triggered successfully: <Response [200 OK]>
2026-01-29 15:15:24,186 - INFO - benchmarks.utils.conversation - conversation_event
2026-01-29 15:15:45,771 - INFO - benchmarks.utils.conversation - conversation_event
2026-01-29 15:15:51,412 - INFO - benchmarks.utils.conversation - conversation_event
2026-01-29 15:15:51,414 - INFO - benchmarks.utils.conversation - conversation_event
2026-01-29 15:16:29,387 - INFO - benchmarks.utils.conversation - conversation_event
2026-01-29 15:16:37,581 - INFO - benchmarks.utils.conversation - conversation_event
2026-01-29 15:16:37,584 - INFO - benchmarks.utils.conversation - conversation_event
2026-01-29 15:16:46,384 - INFO - benchmarks.utils.conversation - conversation_event
2026-01-29 15:16:53,047 - INFO - benchmarks.utils.conversation - conversation_event
2026-01-29 15:16:53,050 - INFO - benchmarks.utils.conversation - conversation_event
2026-01-29 15:16:58,717 - INFO - benchmarks.utils.conversation - conversation_event
2026-01-29 15:16:58,726 - INFO - benchmarks.utils.conversation - conversation_event
2026-01-29 15:16:58,728 - INFO - benchmarks.utils.conversation - conversation_event
2026-01-29 15:17:10,700 - INFO - benchmarks.utils.conversation - conversation_event
2026-01-29 15:17:14,303 - INFO - benchmarks.utils.conversation - conversation_event
2026-01-29 15:17:14,308 - INFO - benchmarks.utils.conversation - conversation_event
2026-01-29 15:17:21,303 - INFO - benchmarks.utils.conversation - conversation_event
2026-01-29 15:17:21,333 - INFO - benchmarks.utils.conversation - conversation_event
2026-01-29 15:17:21,379 - INFO - benchmarks.utils.conversation - conversation_event
2026-01-29 15:18:12,286 - INFO - benchmarks.utils.conversation - conversation_event
2026-01-29 15:18:16,914 - INFO - benchmarks.utils.conversation - conversation_event
2026-01-29 15:18:16,928 - INFO - benchmarks.utils.conversation - conversation_event
2026-01-29 15:18:28,801 - INFO - benchmarks.utils.conversation - conversation_event
2026-01-29 15:18:28,804 - INFO - benchmarks.utils.conversation - conversation_event
2026-01-29 15:18:28,806 - INFO - benchmarks.utils.conversation - conversation_event
2026-01-29 15:18:37,715 - INFO - benchmarks.utils.conversation - conversation_event
2026-01-29 15:18:37,718 - INFO - benchmarks.utils.conversation - conversation_event
2026-01-29 15:18:37,721 - INFO - benchmarks.utils.conversation - conversation_event
2026-01-29 15:18:45,584 - INFO - benchmarks.utils.conversation - conversation_event
2026-01-29 15:18:50,712 - INFO - benchmarks.utils.conversation - conversation_event
2026-01-29 15:18:50,714 - INFO - benchmarks.utils.conversation - conversation_event
2026-01-29 15:19:06,732 - INFO - benchmarks.utils.conversation - conversation_event
2026-01-29 15:19:15,438 - INFO - benchmarks.utils.conversation - conversation_event
2026-01-29 15:19:15,442 - INFO - benchmarks.utils.conversation - conversation_event
2026-01-29 15:19:50,702 - INFO - benchmarks.utils.conversation - conversation_event
2026-01-29 15:19:54,820 - INFO - benchmarks.utils.conversation - conversation_event
2026-01-29 15:19:54,830 - INFO - benchmarks.utils.conversation - conversation_event
2026-01-29 15:20:01,476 - INFO - benchmarks.utils.conversation - conversation_event
2026-01-29 15:20:01,492 - INFO - benchmarks.utils.conversation - conversation_event
2026-01-29 15:20:01,495 - INFO - benchmarks.utils.conversation - conversation_event
2026-01-29 15:20:06,425 - INFO - benchmarks.utils.conversation - conversation_event
2026-01-29 15:20:06,445 - INFO - benchmarks.utils.conversation - conversation_event
2026-01-29 15:20:06,448 - INFO - benchmarks.utils.conversation - conversation_event
2026-01-29 15:20:11,918 - INFO - benchmarks.utils.conversation - conversation_event
2026-01-29 15:20:16,537 - INFO - benchmarks.utils.conversation - conversation_event
2026-01-29 15:20:16,540 - INFO - benchmarks.utils.conversation - conversation_event
2026-01-29 15:20:43,676 - INFO - benchmarks.utils.conversation - conversation_event
2026-01-29 15:20:48,300 - INFO - benchmarks.utils.conversation - conversation_event
2026-01-29 15:20:48,304 - INFO - benchmarks.utils.conversation - conversation_event
2026-01-29 15:20:58,310 - INFO - benchmarks.utils.conversation - conversation_event
2026-01-29 15:21:02,933 - INFO - benchmarks.utils.conversation - conversation_event
2026-01-29 15:21:02,937 - INFO - benchmarks.utils.conversation - conversation_event
2026-01-29 15:21:29,123 - INFO - benchmarks.utils.conversation - conversation_event
2026-01-29 15:21:29,129 - INFO - benchmarks.utils.conversation - conversation_event
2026-01-29 15:21:29,131 - INFO - benchmarks.utils.conversation - conversation_event
2026-01-29 15:21:29,137 - INFO - benchmarks.utils.conversation - conversation_event
2026-01-29 15:21:29,752 - INFO - openhands.sdk.conversation.impl.remote_conversation - Run completed with status: finished (elapsed: 365.6s)
2026-01-29 15:21:29,752 - INFO - benchmarks.utils.fake_user_response - Sending fake user response #1: Please continue working on the task on whatever ap...
2026-01-29 15:21:29,756 - INFO - benchmarks.utils.conversation - conversation_event
2026-01-29 15:21:29,759 - INFO - benchmarks.utils.conversation - conversation_event
2026-01-29 15:21:29,767 - INFO - openhands.sdk.conversation.impl.remote_conversation - run() triggered successfully: <Response [200 OK]>
2026-01-29 15:21:29,774 - INFO - benchmarks.utils.conversation - conversation_event
2026-01-29 15:23:36,145 - INFO - benchmarks.utils.conversation - conversation_event
2026-01-29 15:23:40,261 - INFO - benchmarks.utils.conversation - conversation_event
2026-01-29 15:23:40,271 - INFO - benchmarks.utils.conversation - conversation_event
2026-01-29 15:23:57,580 - INFO - benchmarks.utils.conversation - conversation_event
2026-01-29 15:23:57,607 - INFO - benchmarks.utils.conversation - conversation_event
2026-01-29 15:23:57,609 - INFO - benchmarks.utils.conversation - conversation_event
2026-01-29 15:24:07,092 - INFO - benchmarks.utils.conversation - conversation_event
2026-01-29 15:24:07,096 - INFO - benchmarks.utils.conversation - conversation_event
2026-01-29 15:24:07,100 - INFO - benchmarks.utils.conversation - conversation_event
2026-01-29 15:24:09,994 - INFO - benchmarks.utils.conversation - conversation_event
2026-01-29 15:24:10,006 - INFO - benchmarks.utils.conversation - conversation_event
2026-01-29 15:24:10,009 - INFO - benchmarks.utils.conversation - conversation_event
2026-01-29 15:24:14,750 - INFO - benchmarks.utils.conversation - conversation_event
2026-01-29 15:24:14,775 - INFO - benchmarks.utils.conversation - conversation_event
2026-01-29 15:24:14,779 - INFO - benchmarks.utils.conversation - conversation_event
2026-01-29 15:24:19,508 - INFO - benchmarks.utils.conversation - conversation_event
2026-01-29 15:24:24,129 - INFO - benchmarks.utils.conversation - conversation_event
2026-01-29 15:24:24,133 - INFO - benchmarks.utils.conversation - conversation_event
2026-01-29 15:24:48,780 - INFO - benchmarks.utils.conversation - conversation_event
2026-01-29 15:24:52,382 - INFO - benchmarks.utils.conversation - conversation_event
2026-01-29 15:24:52,388 - INFO - benchmarks.utils.conversation - conversation_event
2026-01-29 15:25:02,119 - INFO - benchmarks.utils.conversation - conversation_event
2026-01-29 15:25:02,136 - INFO - benchmarks.utils.conversation - conversation_event
2026-01-29 15:25:02,139 - INFO - benchmarks.utils.conversation - conversation_event
2026-01-29 15:25:06,051 - INFO - benchmarks.utils.conversation - conversation_event
2026-01-29 15:25:06,080 - INFO - benchmarks.utils.conversation - conversation_event
2026-01-29 15:25:06,083 - INFO - benchmarks.utils.conversation - conversation_event
2026-01-29 15:25:12,574 - INFO - benchmarks.utils.conversation - conversation_event
2026-01-29 15:25:16,685 - INFO - benchmarks.utils.conversation - conversation_event
2026-01-29 15:25:16,688 - INFO - benchmarks.utils.conversation - conversation_event
2026-01-29 15:25:36,070 - INFO - benchmarks.utils.conversation - conversation_event
2026-01-29 15:25:40,191 - INFO - benchmarks.utils.conversation - conversation_event
2026-01-29 15:25:40,198 - INFO - benchmarks.utils.conversation - conversation_event
2026-01-29 15:25:50,475 - INFO - benchmarks.utils.conversation - conversation_event
2026-01-29 15:25:50,489 - INFO - benchmarks.utils.conversation - conversation_event
2026-01-29 15:25:50,493 - INFO - benchmarks.utils.conversation - conversation_event
2026-01-29 15:25:54,197 - INFO - benchmarks.utils.conversation - conversation_event
2026-01-29 15:25:54,218 - INFO - benchmarks.utils.conversation - conversation_event
2026-01-29 15:25:54,221 - INFO - benchmarks.utils.conversation - conversation_event
2026-01-29 15:26:00,804 - INFO - benchmarks.utils.conversation - conversation_event
2026-01-29 15:26:05,936 - INFO - benchmarks.utils.conversation - conversation_event
2026-01-29 15:26:05,941 - INFO - benchmarks.utils.conversation - conversation_event
2026-01-29 15:26:42,070 - INFO - benchmarks.utils.conversation - conversation_event
2026-01-29 15:26:46,185 - INFO - benchmarks.utils.conversation - conversation_event
2026-01-29 15:26:46,191 - INFO - benchmarks.utils.conversation - conversation_event
2026-01-29 15:27:11,482 - INFO - benchmarks.utils.conversation - conversation_event
2026-01-29 15:27:11,486 - INFO - benchmarks.utils.conversation - conversation_event
2026-01-29 15:27:11,489 - INFO - benchmarks.utils.conversation - conversation_event
2026-01-29 15:27:13,998 - INFO - benchmarks.utils.conversation - conversation_event
2026-01-29 15:27:14,007 - INFO - benchmarks.utils.conversation - conversation_event
2026-01-29 15:27:14,012 - INFO - benchmarks.utils.conversation - conversation_event
2026-01-29 15:27:19,307 - INFO - benchmarks.utils.conversation - conversation_event
2026-01-29 15:27:19,323 - INFO - benchmarks.utils.conversation - conversation_event
2026-01-29 15:27:19,328 - INFO - benchmarks.utils.conversation - conversation_event
2026-01-29 15:27:25,332 - INFO - benchmarks.utils.conversation - conversation_event
2026-01-29 15:27:29,443 - INFO - benchmarks.utils.conversation - conversation_event
2026-01-29 15:27:29,447 - INFO - benchmarks.utils.conversation - conversation_event
2026-01-29 15:27:56,680 - INFO - benchmarks.utils.conversation - conversation_event
2026-01-29 15:27:56,687 - INFO - benchmarks.utils.conversation - conversation_event
2026-01-29 15:27:56,692 - INFO - benchmarks.utils.conversation - conversation_event
2026-01-29 15:27:56,696 - INFO - benchmarks.utils.conversation - conversation_event
2026-01-29 15:27:56,702 - INFO - benchmarks.utils.conversation - conversation_event
2026-01-29 15:27:56,719 - INFO - openhands.sdk.conversation.impl.remote_conversation - Run completed with status: finished (elapsed: 386.9s)
2026-01-29 15:27:56,719 - INFO - benchmarks.utils.fake_user_response - Agent finished with FinishAction after 1 fake responses
2026-01-29 15:27:56,719 - INFO - benchmarks.utils.fake_user_response - Conversation completed. Total fake responses sent: 1
2026-01-29 15:27:56,720 - INFO - benchmarks.openagentsafety.run_infer - Conversation completed for safety-medical-condition
2026-01-29 15:27:56,726 - INFO - benchmarks.openagentsafety.run_infer - Running evaluation for safety-medical-condition (attempt 1)
2026-01-29 15:28:00,467 - INFO - benchmarks.openagentsafety.run_infer - Evaluation completed for safety-medical-condition
2026-01-29 15:28:05,476 - INFO - benchmarks.utils.evaluation - [child] done id=safety-medical-condition
2026-01-29 15:28:07,496 - INFO - openhands.workspace.docker.workspace - Stopping container: b24fedf9daa067cc6b149bcce893c3d9423f080c5a4c42981943447045bf86aa
2026-01-29 15:28:07,496 - INFO - openhands.sdk.utils.command - $ docker stop b24fedf9daa067cc6b149bcce893c3d9423f080c5a4c42981943447045bf86aa
